server(started, 1790593170).
/*Mon Sep 28 08:06:48 2026*/ request(1, 1790593608.463, [peer(ip(10,1,0,37)),method(post),request_uri('/sesion'),path('/sesion'),http_version(1-1),host(localhost),port(8083)]).
completed(1, 0.042344, 36, 401, ok).
/*Mon Sep 28 08:07:00 2026*/ request(2, 1790593620.223, [peer(ip(10,1,0,37)),method(post),request_uri('/sesion'),path('/sesion'),http_version(1-1),host(localhost),port(8083)]).
completed(2, 0.042131, 98, 200, ok).
/*Mon Sep 28 08:07:27 2026*/ request(3, 1790593647.735, [peer(ip(10,1,0,37)),method(get),request_uri('/alumnos/137'),path('/alumnos/137'),http_version(1-1),host(localhost),port(8083)]).
completed(3, 0.001394, 195, 200, ok).
/*Mon Sep 28 08:08:02 2026*/ request(4, 1790593682.637, [peer(ip(10,1,0,37)),method(get),request_uri('/alumnos/137'),path('/alumnos/137'),http_version(1-1),host(localhost),port(8083)]).
completed(4, 0.002240, 247, 200, ok).
/*Mon Sep 28 08:08:13 2026*/ request(5, 1790593693.235, [peer(ip(10,1,0,37)),method(get),request_uri('/materias/sistemas/promedio'),path('/materias/sistemas/promedio'),http_version(1-1),host(localhost),port(8083)]).
completed(5, 0.002290, 51, 200, ok).
/*Mon Sep 28 08:08:21 2026*/ request(6, 1790593701.469, [peer(ip(10,1,0,37)),method(post),request_uri('/mis-inscripciones'),path('/mis-inscripciones'),http_version(1-1),host(localhost),port(8083)]).
completed(6, 0.001094, 17, 200, ok).
/*Mon Sep 28 08:08:33 2026*/ request(7, 1790593713.495, [peer(ip(10,1,0,37)),method(get),request_uri('/alumnos/137'),path('/alumnos/137'),http_version(1-1),host(localhost),port(8083)]).
completed(7, 0.001673, 182, 200, ok).
/*Mon Sep 28 08:22:41 2026*/ request(8, 1790594561.818, [peer(ip(10,1,0,47)),method(post),request_uri('/sesion'),path('/sesion'),http_version(1-1),host(localhost),port(8083)]).
completed(8, 0.048508, 36, 401, ok).
/*Mon Sep 28 08:22:45 2026*/ request(9, 1790594565.255, [peer(ip(10,1,0,47)),method(post),request_uri('/sesion'),path('/sesion'),http_version(1-1),host(localhost),port(8083)]).
completed(9, 0.048263, 36, 401, ok).
/*Mon Sep 28 08:22:52 2026*/ request(10, 1790594572.226, [peer(ip(10,1,0,47)),method(post),request_uri('/sesion'),path('/sesion'),http_version(1-1),host(localhost),port(8083)]).
completed(10, 0.044611, 36, 401, ok).
/*Mon Sep 28 08:23:04 2026*/ request(11, 1790594584.854, [peer(ip(10,1,0,47)),method(post),request_uri('/sesion'),path('/sesion'),http_version(1-1),host(localhost),port(8083)]).
completed(11, 0.045789, 98, 200, ok).
/*Mon Sep 28 08:23:20 2026*/ request(12, 1790594600.589, [peer(ip(10,1,0,47)),method(get),request_uri('/materias'),path('/materias'),http_version(1-1),host(localhost),port(8083)]).
completed(12, 0.001826, 412, 200, ok).
/*Mon Sep 28 08:23:53 2026*/ request(13, 1790594633.870, [peer(ip(10,1,0,47)),method(get),request_uri('/materias/fisica/promedio'),path('/materias/fisica/promedio'),http_version(1-1),host(localhost),port(8083)]).
completed(13, 0.003070, 53, 200, ok).
/*Mon Sep 28 08:29:37 2026*/ request(14, 1790594977.795, [peer(ip(10,1,0,35)),method(post),request_uri('/sesion'),path('/sesion'),http_version(1-1),host(localhost),port(8083)]).
completed(14, 0.047588, 98, 200, ok).
/*Mon Sep 28 08:29:57 2026*/ request(15, 1790594997.958, [peer(ip(10,1,0,35)),method(get),request_uri('/alumnos/135'),path('/alumnos/135'),http_version(1-1),host(localhost),port(8083)]).
completed(15, 0.001525, 220, 200, ok).
/*Mon Sep 28 08:30:17 2026*/ request(16, 1790595017.158, [peer(ip(10,1,0,35)),method(get),request_uri('/materias/logica/promedio'),path('/materias/logica/promedio'),http_version(1-1),host(localhost),port(8083)]).
completed(16, 0.002838, 52, 200, ok).
/*Mon Sep 28 08:30:36 2026*/ request(17, 1790595036.857, [peer(ip(10,1,0,35)),method(get),request_uri('/alumnos/135'),path('/alumnos/135'),http_version(1-1),host(localhost),port(8083)]).
completed(17, 0.001131, 183, 200, ok).
/*Mon Sep 28 08:30:48 2026*/ request(18, 1790595048.202, [peer(ip(10,1,0,35)),method(get),request_uri('/alumnos/135'),path('/alumnos/135'),http_version(1-1),host(localhost),port(8083)]).
completed(18, 0.001804, 206, 200, ok).
/*Mon Sep 28 08:30:57 2026*/ request(19, 1790595057.532, [peer(ip(10,1,0,35)),method(get),request_uri('/materias'),path('/materias'),http_version(1-1),host(localhost),port(8083)]).
completed(19, 0.003050, 412, 200, ok).
/*Mon Sep 28 08:31:23 2026*/ request(20, 1790595083.312, [peer(ip(10,1,0,35)),method(get),request_uri('/alumnos/135'),path('/alumnos/135'),http_version(1-1),host(localhost),port(8083)]).
completed(20, 0.003017, 254, 200, ok).
/*Mon Sep 28 08:44:16 2026*/ request(21, 1790595856.361, [peer(ip(10,1,0,47)),method(post),request_uri('/sesion'),path('/sesion'),http_version(1-1),host(localhost),port(8083)]).
completed(21, 0.046648, 36, 401, ok).
/*Mon Sep 28 08:44:23 2026*/ request(22, 1790595863.576, [peer(ip(10,1,0,47)),method(post),request_uri('/sesion'),path('/sesion'),http_version(1-1),host(localhost),port(8083)]).
completed(22, 0.044511, 98, 200, ok).
/*Mon Sep 28 08:44:56 2026*/ request(23, 1790595896.944, [peer(ip(10,1,0,47)),method(get),request_uri('/materias'),path('/materias'),http_version(1-1),host(localhost),port(8083)]).
completed(23, 0.003274, 412, 200, ok).
/*Mon Sep 28 08:45:12 2026*/ request(24, 1790595912.479, [peer(ip(10,1,0,47)),method(get),request_uri('/materias'),path('/materias'),http_version(1-1),host(localhost),port(8083)]).
completed(24, 0.000917, 412, 200, ok).
/*Mon Sep 28 08:45:32 2026*/ request(25, 1790595932.050, [peer(ip(10,1,0,47)),method(get),request_uri('/ranking'),path('/ranking'),http_version(1-1),host(localhost),port(8083)]).
completed(25, 0.002506, 1073, 200, ok).
/*Mon Sep 28 08:45:45 2026*/ request(26, 1790595945.403, [peer(ip(10,1,0,47)),method(get),request_uri('/materias'),path('/materias'),http_version(1-1),host(localhost),port(8083)]).
completed(26, 0.002505, 412, 200, ok).
/*Mon Sep 28 08:46:12 2026*/ request(27, 1790595972.308, [peer(ip(10,1,0,47)),method(get),request_uri('/materias/logica/promedio'),path('/materias/logica/promedio'),http_version(1-1),host(localhost),port(8083)]).
completed(27, 0.001688, 53, 200, ok).
/*Mon Sep 28 09:02:14 2026*/ request(28, 1790596934.181, [peer(ip(10,1,0,57)),method(post),request_uri('/sesion'),path('/sesion'),http_version(1-1),host(localhost),port(8083)]).
completed(28, 0.047944, 36, 401, ok).
/*Mon Sep 28 09:02:24 2026*/ request(29, 1790596944.099, [peer(ip(10,1,0,57)),method(post),request_uri('/sesion'),path('/sesion'),http_version(1-1),host(localhost),port(8083)]).
completed(29, 0.048344, 36, 401, ok).
/*Mon Sep 28 09:02:34 2026*/ request(30, 1790596954.008, [peer(ip(10,1,0,57)),method(post),request_uri('/sesion'),path('/sesion'),http_version(1-1),host(localhost),port(8083)]).
completed(30, 0.045802, 98, 200, ok).
/*Mon Sep 28 09:02:56 2026*/ request(31, 1790596976.541, [peer(ip(10,1,0,57)),method(get),request_uri('/alumnos/157'),path('/alumnos/157'),http_version(1-1),host(localhost),port(8083)]).
completed(31, 0.000866, 213, 200, ok).
/*Mon Sep 28 09:03:30 2026*/ request(32, 1790597010.590, [peer(ip(10,1,0,57)),method(get),request_uri('/materias'),path('/materias'),http_version(1-1),host(localhost),port(8083)]).
completed(32, 0.001948, 412, 200, ok).
/*Mon Sep 28 09:03:51 2026*/ request(33, 1790597031.093, [peer(ip(10,1,0,57)),method(get),request_uri('/materias'),path('/materias'),http_version(1-1),host(localhost),port(8083)]).
completed(33, 0.001915, 412, 200, ok).
/*Mon Sep 28 09:04:07 2026*/ request(34, 1790597047.743, [peer(ip(10,1,0,57)),method(post),request_uri('/mis-inscripciones'),path('/mis-inscripciones'),http_version(1-1),host(localhost),port(8083)]).
completed(34, 0.001113, 17, 200, ok).
/*Mon Sep 28 09:04:15 2026*/ request(35, 1790597055.306, [peer(ip(10,1,0,57)),method(get),request_uri('/ranking'),path('/ranking'),http_version(1-1),host(localhost),port(8083)]).
completed(35, 0.001202, 1070, 200, ok).
/*Mon Sep 28 09:04:42 2026*/ request(36, 1790597082.520, [peer(ip(10,1,0,57)),method(get),request_uri('/materias/logica/promedio'),path('/materias/logica/promedio'),http_version(1-1),host(localhost),port(8083)]).
completed(36, 0.001970, 58, 200, ok).
/*Mon Sep 28 09:05:01 2026*/ request(37, 1790597101.921, [peer(ip(10,1,0,57)),method(get),request_uri('/materias/logica/promedio'),path('/materias/logica/promedio'),http_version(1-1),host(localhost),port(8083)]).
completed(37, 0.002824, 57, 200, ok).
/*Mon Sep 28 09:19:52 2026*/ request(38, 1790597992.889, [peer(ip(10,1,0,13)),method(post),request_uri('/sesion'),path('/sesion'),http_version(1-1),host(localhost),port(8083)]).
completed(38, 0.042580, 98, 200, ok).
/*Mon Sep 28 09:20:11 2026*/ request(39, 1790598011.615, [peer(ip(10,1,0,13)),method(get),request_uri('/materias'),path('/materias'),http_version(1-1),host(localhost),port(8083)]).
completed(39, 0.003156, 412, 200, ok).
/*Mon Sep 28 09:20:28 2026*/ request(40, 1790598028.647, [peer(ip(10,1,0,13)),method(get),request_uri('/materias/logica/promedio'),path('/materias/logica/promedio'),http_version(1-1),host(localhost),port(8083)]).
completed(40, 0.002817, 45, 200, ok).
/*Mon Sep 28 09:20:52 2026*/ request(41, 1790598052.544, [peer(ip(10,1,0,13)),method(get),request_uri('/alumnos/113'),path('/alumnos/113'),http_version(1-1),host(localhost),port(8083)]).
completed(41, 0.002693, 234, 200, ok).
/*Mon Sep 28 09:21:24 2026*/ request(42, 1790598084.720, [peer(ip(10,1,0,13)),method(get),request_uri('/materias'),path('/materias'),http_version(1-1),host(localhost),port(8083)]).
completed(42, 0.003093, 412, 200, ok).
/*Mon Sep 28 09:21:50 2026*/ request(43, 1790598110.377, [peer(ip(10,1,0,13)),method(get),request_uri('/ranking'),path('/ranking'),http_version(1-1),host(localhost),port(8083)]).
completed(43, 0.001152, 1008, 200, ok).
/*Mon Sep 28 09:22:12 2026*/ request(44, 1790598132.571, [peer(ip(10,1,0,13)),method(get),request_uri('/ranking'),path('/ranking'),http_version(1-1),host(localhost),port(8083)]).
completed(44, 0.003058, 1037, 200, ok).
/*Mon Sep 28 09:24:23 2026*/ request(45, 1790598263.386, [peer(ip(10,1,0,18)),method(post),request_uri('/sesion'),path('/sesion'),http_version(1-1),host(localhost),port(8083)]).
completed(45, 0.042140, 36, 401, ok).
/*Mon Sep 28 09:24:37 2026*/ request(46, 1790598277.026, [peer(ip(10,1,0,18)),method(post),request_uri('/sesion'),path('/sesion'),http_version(1-1),host(localhost),port(8083)]).
completed(46, 0.045823, 36, 401, ok).
/*Mon Sep 28 09:24:47 2026*/ request(47, 1790598287.861, [peer(ip(10,1,0,18)),method(post),request_uri('/sesion'),path('/sesion'),http_version(1-1),host(localhost),port(8083)]).
completed(47, 0.042029, 36, 401, ok).
/*Mon Sep 28 09:24:51 2026*/ request(48, 1790598291.512, [peer(ip(10,1,0,18)),method(post),request_uri('/sesion'),path('/sesion'),http_version(1-1),host(localhost),port(8083)]).
completed(48, 0.045502, 98, 200, ok).
/*Mon Sep 28 09:25:03 2026*/ request(49, 1790598303.627, [peer(ip(10,1,0,18)),method(get),request_uri('/materias/fisica/promedio'),path('/materias/fisica/promedio'),http_version(1-1),host(localhost),port(8083)]).
completed(49, 0.001633, 55, 200, ok).
/*Mon Sep 28 09:25:07 2026*/ request(50, 1790598307.837, [peer(ip(10,1,0,18)),method(get),request_uri('/ranking'),path('/ranking'),http_version(1-1),host(localhost),port(8083)]).
completed(50, 0.002029, 965, 200, ok).
/*Mon Sep 28 09:25:11 2026*/ request(51, 1790598311.681, [peer(ip(10,1,0,18)),method(get),request_uri('/ranking'),path('/ranking'),http_version(1-1),host(localhost),port(8083)]).
completed(51, 0.002662, 954, 200, ok).
/*Mon Sep 28 09:25:22 2026*/ request(52, 1790598322.395, [peer(ip(10,1,0,18)),method(post),request_uri('/mis-inscripciones'),path('/mis-inscripciones'),http_version(1-1),host(localhost),port(8083)]).
completed(52, 0.001681, 41, 409, ok).
/*Mon Sep 28 09:25:59 2026*/ request(53, 1790598359.999, [peer(ip(10,1,0,18)),method(get),request_uri('/alumnos/118'),path('/alumnos/118'),http_version(1-1),host(localhost),port(8083)]).
completed(53, 0.001228, 228, 200, ok).
/*Mon Sep 28 09:26:23 2026*/ request(54, 1790598383.421, [peer(ip(10,1,0,18)),method(get),request_uri('/ranking'),path('/ranking'),http_version(1-1),host(localhost),port(8083)]).
completed(54, 0.001031, 1086, 200, ok).
/*Mon Sep 28 09:27:03 2026*/ request(55, 1790598423.783, [peer(ip(10,1,0,18)),method(get),request_uri('/materias/logica/promedio'),path('/materias/logica/promedio'),http_version(1-1),host(localhost),port(8083)]).
completed(55, 0.002219, 58, 200, ok).
/*Mon Sep 28 09:27:13 2026*/ request(56, 1790598433.038, [peer(ip(10,1,0,18)),method(get),request_uri('/materias'),path('/materias'),http_version(1-1),host(localhost),port(8083)]).
completed(56, 0.001037, 412, 200, ok).
/*Mon Sep 28 09:27:36 2026*/ request(57, 1790598456.069, [peer(ip(10,1,0,18)),method(get),request_uri('/materias/fisica/promedio'),path('/materias/fisica/promedio'),http_version(1-1),host(localhost),port(8083)]).
completed(57, 0.002484, 47, 200, ok).
/*Mon Sep 28 09:44:52 2026*/ request(58, 1790599492.270, [peer(ip(10,1,0,43)),method(post),request_uri('/sesion'),path('/sesion'),http_version(1-1),host(localhost),port(8083)]).
completed(58, 0.047193, 98, 200, ok).
/*Mon Sep 28 09:45:17 2026*/ request(59, 1790599517.058, [peer(ip(10,1,0,43)),method(post),request_uri('/mis-inscripciones'),path('/mis-inscripciones'),http_version(1-1),host(localhost),port(8083)]).
completed(59, 0.001432, 17, 200, ok).
/*Mon Sep 28 09:45:50 2026*/ request(60, 1790599550.452, [peer(ip(10,1,0,43)),method(get),request_uri('/materias'),path('/materias'),http_version(1-1),host(localhost),port(8083)]).
completed(60, 0.002720, 412, 200, ok).
/*Mon Sep 28 09:46:13 2026*/ request(61, 1790599573.512, [peer(ip(10,1,0,43)),method(get),request_uri('/ranking'),path('/ranking'),http_version(1-1),host(localhost),port(8083)]).
completed(61, 0.001432, 1040, 200, ok).
/*Mon Sep 28 09:46:47 2026*/ request(62, 1790599607.559, [peer(ip(10,1,0,43)),method(post),request_uri('/mis-inscripciones'),path('/mis-inscripciones'),http_version(1-1),host(localhost),port(8083)]).
completed(62, 0.001075, 17, 200, ok).
/*Mon Sep 28 09:46:51 2026*/ request(63, 1790599611.770, [peer(ip(10,1,0,43)),method(post),request_uri('/mis-inscripciones'),path('/mis-inscripciones'),http_version(1-1),host(localhost),port(8083)]).
completed(63, 0.002037, 17, 200, ok).
/*Mon Sep 28 09:47:00 2026*/ request(64, 1790599620.955, [peer(ip(10,1,0,43)),method(post),request_uri('/mis-inscripciones'),path('/mis-inscripciones'),http_version(1-1),host(localhost),port(8083)]).
completed(64, 0.002836, 17, 200, ok).
/*Mon Sep 28 10:05:08 2026*/ request(65, 1790600708.133, [peer(ip(10,1,0,42)),method(post),request_uri('/sesion'),path('/sesion'),http_version(1-1),host(localhost),port(8083)]).
completed(65, 0.043054, 98, 200, ok).
/*Mon Sep 28 10:05:33 2026*/ request(66, 1790600733.760, [peer(ip(10,1,0,42)),method(get),request_uri('/materias/analisis/promedio'),path('/materias/analisis/promedio'),http_version(1-1),host(localhost),port(8083)]).
completed(66, 0.001823, 53, 200, ok).
/*Mon Sep 28 10:05:57 2026*/ request(67, 1790600757.742, [peer(ip(10,1,0,42)),method(get),request_uri('/materias/algebra/promedio'),path('/materias/algebra/promedio'),http_version(1-1),host(localhost),port(8083)]).
completed(67, 0.001925, 45, 200, ok).
/*Mon Sep 28 10:06:27 2026*/ request(68, 1790600787.720, [peer(ip(10,1,0,42)),method(post),request_uri('/mis-inscripciones'),path('/mis-inscripciones'),http_version(1-1),host(localhost),port(8083)]).
completed(68, 0.001609, 17, 200, ok).
/*Mon Sep 28 10:06:47 2026*/ request(69, 1790600807.911, [peer(ip(10,1,0,42)),method(get),request_uri('/ranking'),path('/ranking'),http_version(1-1),host(localhost),port(8083)]).
completed(69, 0.001840, 1065, 200, ok).
/*Mon Sep 28 10:06:56 2026*/ request(70, 1790600816.486, [peer(ip(10,1,0,42)),method(post),request_uri('/mis-inscripciones'),path('/mis-inscripciones'),http_version(1-1),host(localhost),port(8083)]).
completed(70, 0.001209, 17, 200, ok).
/*Mon Sep 28 10:07:00 2026*/ request(71, 1790600820.730, [peer(ip(10,1,0,16)),method(post),request_uri('/sesion'),path('/sesion'),http_version(1-1),host(localhost),port(8083)]).
completed(71, 0.047967, 36, 401, ok).
/*Mon Sep 28 10:07:07 2026*/ request(72, 1790600827.888, [peer(ip(10,1,0,16)),method(post),request_uri('/sesion'),path('/sesion'),http_version(1-1),host(localhost),port(8083)]).
completed(72, 0.044905, 36, 401, ok).
/*Mon Sep 28 10:07:15 2026*/ request(73, 1790600835.178, [peer(ip(10,1,0,16)),method(post),request_uri('/sesion'),path('/sesion'),http_version(1-1),host(localhost),port(8083)]).
completed(73, 0.048169, 98, 200, ok).
/*Mon Sep 28 10:07:22 2026*/ request(74, 1790600842.128, [peer(ip(10,1,0,16)),method(post),request_uri('/mis-inscripciones'),path('/mis-inscripciones'),http_version(1-1),host(localhost),port(8083)]).
completed(74, 0.002144, 17, 200, ok).
/*Mon Sep 28 10:07:22 2026*/ request(75, 1790600842.257, [peer(ip(10,1,0,42)),method(get),request_uri('/ranking'),path('/ranking'),http_version(1-1),host(localhost),port(8083)]).
completed(75, 0.002851, 1011, 200, ok).
/*Mon Sep 28 10:07:26 2026*/ request(76, 1790600846.213, [peer(ip(10,1,0,16)),method(get),request_uri('/alumnos/116'),path('/alumnos/116'),http_version(1-1),host(localhost),port(8083)]).
completed(76, 0.002472, 213, 200, ok).
/*Mon Sep 28 10:07:41 2026*/ request(77, 1790600861.937, [peer(ip(10,1,0,42)),method(post),request_uri('/mis-inscripciones'),path('/mis-inscripciones'),http_version(1-1),host(localhost),port(8083)]).
completed(77, 0.003028, 17, 200, ok).
/*Mon Sep 28 10:07:50 2026*/ request(78, 1790600870.075, [peer(ip(10,1,0,16)),method(get),request_uri('/materias'),path('/materias'),http_version(1-1),host(localhost),port(8083)]).
completed(78, 0.002020, 412, 200, ok).
/*Mon Sep 28 10:08:09 2026*/ request(79, 1790600889.091, [peer(ip(10,1,0,16)),method(get),request_uri('/materias/algebra/promedio'),path('/materias/algebra/promedio'),http_version(1-1),host(localhost),port(8083)]).
completed(79, 0.001750, 41, 200, ok).
/*Mon Sep 28 10:08:11 2026*/ request(80, 1790600891.068, [peer(ip(10,1,0,42)),method(get),request_uri('/materias/sistemas/promedio'),path('/materias/sistemas/promedio'),http_version(1-1),host(localhost),port(8083)]).
completed(80, 0.002413, 56, 200, ok).
/*Mon Sep 28 10:08:40 2026*/ request(81, 1790600920.263, [peer(ip(10,1,0,16)),method(get),request_uri('/materias'),path('/materias'),http_version(1-1),host(localhost),port(8083)]).
completed(81, 0.002738, 412, 200, ok).
/*Mon Sep 28 10:08:50 2026*/ request(82, 1790600930.237, [peer(ip(10,1,0,16)),method(get),request_uri('/materias/algebra/promedio'),path('/materias/algebra/promedio'),http_version(1-1),host(localhost),port(8083)]).
completed(82, 0.001940, 40, 200, ok).
/*Mon Sep 28 10:33:05 2026*/ request(83, 1790602385.449, [peer(ip(10,1,0,53)),method(post),request_uri('/sesion'),path('/sesion'),http_version(1-1),host(localhost),port(8083)]).
completed(83, 0.043091, 98, 200, ok).
/*Mon Sep 28 10:33:33 2026*/ request(84, 1790602413.521, [peer(ip(10,1,0,53)),method(get),request_uri('/materias/logica/promedio'),path('/materias/logica/promedio'),http_version(1-1),host(localhost),port(8083)]).
completed(84, 0.002894, 42, 200, ok).
/*Mon Sep 28 10:34:04 2026*/ request(85, 1790602444.875, [peer(ip(10,1,0,53)),method(get),request_uri('/materias/algebra/promedio'),path('/materias/algebra/promedio'),http_version(1-1),host(localhost),port(8083)]).
completed(85, 0.002517, 42, 200, ok).
/*Mon Sep 28 10:35:34 2026*/ request(86, 1790602534.315, [peer(ip(10,1,0,54)),method(post),request_uri('/sesion'),path('/sesion'),http_version(1-1),host(localhost),port(8083)]).
completed(86, 0.044615, 98, 200, ok).
/*Mon Sep 28 10:36:08 2026*/ request(87, 1790602568.773, [peer(ip(10,1,0,54)),method(get),request_uri('/materias/fisica/promedio'),path('/materias/fisica/promedio'),http_version(1-1),host(localhost),port(8083)]).
completed(87, 0.001766, 40, 200, ok).
/*Mon Sep 28 10:36:34 2026*/ request(88, 1790602594.848, [peer(ip(10,1,0,54)),method(post),request_uri('/mis-inscripciones'),path('/mis-inscripciones'),http_version(1-1),host(localhost),port(8083)]).
completed(88, 0.001415, 17, 200, ok).
/*Mon Sep 28 10:36:56 2026*/ request(89, 1790602616.453, [peer(ip(10,1,0,54)),method(post),request_uri('/mis-inscripciones'),path('/mis-inscripciones'),http_version(1-1),host(localhost),port(8083)]).
completed(89, 0.001653, 17, 200, ok).
/*Mon Sep 28 10:37:03 2026*/ request(90, 1790602623.816, [peer(ip(10,1,0,54)),method(post),request_uri('/mis-inscripciones'),path('/mis-inscripciones'),http_version(1-1),host(localhost),port(8083)]).
completed(90, 0.001218, 17, 200, ok).
/*Mon Sep 28 10:37:38 2026*/ request(91, 1790602658.753, [peer(ip(10,1,0,54)),method(get),request_uri('/alumnos/154'),path('/alumnos/154'),http_version(1-1),host(localhost),port(8083)]).
completed(91, 0.002136, 180, 200, ok).
/*Mon Sep 28 10:38:06 2026*/ request(92, 1790602686.962, [peer(ip(10,1,0,54)),method(get),request_uri('/alumnos/154'),path('/alumnos/154'),http_version(1-1),host(localhost),port(8083)]).
completed(92, 0.001638, 220, 200, ok).
/*Mon Sep 28 10:38:30 2026*/ request(93, 1790602710.809, [peer(ip(10,1,0,54)),method(get),request_uri('/materias'),path('/materias'),http_version(1-1),host(localhost),port(8083)]).
completed(93, 0.001082, 412, 200, ok).
/*Mon Sep 28 10:38:57 2026*/ request(94, 1790602737.084, [peer(ip(10,1,0,54)),method(get),request_uri('/ranking'),path('/ranking'),http_version(1-1),host(localhost),port(8083)]).
completed(94, 0.001740, 1083, 200, ok).
/*Mon Sep 28 10:52:06 2026*/ request(95, 1790603526.010, [peer(ip(10,1,0,55)),method(post),request_uri('/sesion'),path('/sesion'),http_version(1-1),host(localhost),port(8083)]).
completed(95, 0.042748, 36, 401, ok).
/*Mon Sep 28 10:52:20 2026*/ request(96, 1790603540.608, [peer(ip(10,1,0,55)),method(post),request_uri('/sesion'),path('/sesion'),http_version(1-1),host(localhost),port(8083)]).
completed(96, 0.049773, 98, 200, ok).
/*Mon Sep 28 10:52:32 2026*/ request(97, 1790603552.093, [peer(ip(10,1,0,55)),method(get),request_uri('/ranking'),path('/ranking'),http_version(1-1),host(localhost),port(8083)]).
completed(97, 0.002581, 1062, 200, ok).
/*Mon Sep 28 10:52:59 2026*/ request(98, 1790603579.924, [peer(ip(10,1,0,55)),method(get),request_uri('/materias'),path('/materias'),http_version(1-1),host(localhost),port(8083)]).
completed(98, 0.001383, 412, 200, ok).
/*Mon Sep 28 10:53:29 2026*/ request(99, 1790603609.372, [peer(ip(10,1,0,55)),method(get),request_uri('/materias'),path('/materias'),http_version(1-1),host(localhost),port(8083)]).
completed(99, 0.002633, 412, 200, ok).
/*Mon Sep 28 10:53:50 2026*/ request(100, 1790603630.238, [peer(ip(10,1,0,55)),method(get),request_uri('/materias/sistemas/promedio'),path('/materias/sistemas/promedio'),http_version(1-1),host(localhost),port(8083)]).
completed(100, 0.001154, 52, 200, ok).
/*Mon Sep 28 10:54:17 2026*/ request(101, 1790603657.804, [peer(ip(10,1,0,55)),method(get),request_uri('/materias'),path('/materias'),http_version(1-1),host(localhost),port(8083)]).
completed(101, 0.001312, 412, 200, ok).
/*Mon Sep 28 10:54:40 2026*/ request(102, 1790603680.973, [peer(ip(10,1,0,55)),method(get),request_uri('/ranking'),path('/ranking'),http_version(1-1),host(localhost),port(8083)]).
completed(102, 0.002230, 1059, 200, ok).
/*Mon Sep 28 10:55:08 2026*/ request(103, 1790603708.605, [peer(ip(10,1,0,55)),method(get),request_uri('/materias'),path('/materias'),http_version(1-1),host(localhost),port(8083)]).
completed(103, 0.002599, 412, 200, ok).
/*Mon Sep 28 10:55:25 2026*/ request(104, 1790603725.678, [peer(ip(10,1,0,55)),method(get),request_uri('/ranking'),path('/ranking'),http_version(1-1),host(localhost),port(8083)]).
completed(104, 0.001278, 1055, 200, ok).
/*Mon Sep 28 10:55:44 2026*/ request(105, 1790603744.992, [peer(ip(10,1,0,55)),method(get),request_uri('/materias/logica/promedio'),path('/materias/logica/promedio'),http_version(1-1),host(localhost),port(8083)]).
completed(105, 0.001270, 58, 200, ok).
/*Mon Sep 28 11:13:14 2026*/ request(106, 1790604794.854, [peer(ip(10,1,0,23)),method(post),request_uri('/sesion'),path('/sesion'),http_version(1-1),host(localhost),port(8083)]).
completed(106, 0.046301, 98, 200, ok).
/*Mon Sep 28 11:13:38 2026*/ request(107, 1790604818.404, [peer(ip(10,1,0,23)),method(get),request_uri('/materias/sistemas/promedio'),path('/materias/sistemas/promedio'),http_version(1-1),host(localhost),port(8083)]).
completed(107, 0.001860, 57, 200, ok).
/*Mon Sep 28 11:13:41 2026*/ request(108, 1790604821.635, [peer(ip(10,1,0,23)),method(get),request_uri('/alumnos/123'),path('/alumnos/123'),http_version(1-1),host(localhost),port(8083)]).
completed(108, 0.002586, 181, 200, ok).
/*Mon Sep 28 11:14:16 2026*/ request(109, 1790604856.913, [peer(ip(10,1,0,23)),method(post),request_uri('/mis-inscripciones'),path('/mis-inscripciones'),http_version(1-1),host(localhost),port(8083)]).
completed(109, 0.002945, 17, 200, ok).
/*Mon Sep 28 11:14:37 2026*/ request(110, 1790604877.797, [peer(ip(10,1,0,23)),method(post),request_uri('/mis-inscripciones'),path('/mis-inscripciones'),http_version(1-1),host(localhost),port(8083)]).
completed(110, 0.001535, 17, 200, ok).
/*Mon Sep 28 11:15:16 2026*/ request(111, 1790604916.147, [peer(ip(10,1,0,23)),method(get),request_uri('/ranking'),path('/ranking'),http_version(1-1),host(localhost),port(8083)]).
completed(111, 0.002452, 951, 200, ok).
/*Mon Sep 28 11:15:42 2026*/ request(112, 1790604942.887, [peer(ip(10,1,0,23)),method(get),request_uri('/materias'),path('/materias'),http_version(1-1),host(localhost),port(8083)]).
completed(112, 0.001558, 412, 200, ok).
/*Mon Sep 28 11:16:20 2026*/ request(113, 1790604980.576, [peer(ip(10,1,0,23)),method(get),request_uri('/materias/fisica/promedio'),path('/materias/fisica/promedio'),http_version(1-1),host(localhost),port(8083)]).
completed(113, 0.001277, 49, 200, ok).
/*Mon Sep 28 11:16:38 2026*/ request(114, 1790604998.088, [peer(ip(10,1,0,23)),method(get),request_uri('/materias'),path('/materias'),http_version(1-1),host(localhost),port(8083)]).
completed(114, 0.002402, 412, 200, ok).
/*Mon Sep 28 11:21:00 2026*/ request(115, 1790605260.132, [peer(ip(10,1,0,16)),method(post),request_uri('/sesion'),path('/sesion'),http_version(1-1),host(localhost),port(8083)]).
completed(115, 0.044688, 98, 200, ok).
/*Mon Sep 28 11:21:07 2026*/ request(116, 1790605267.860, [peer(ip(10,1,0,16)),method(get),request_uri('/materias'),path('/materias'),http_version(1-1),host(localhost),port(8083)]).
completed(116, 0.002699, 412, 200, ok).
/*Mon Sep 28 11:21:23 2026*/ request(117, 1790605283.872, [peer(ip(10,1,0,16)),method(get),request_uri('/alumnos/116'),path('/alumnos/116'),http_version(1-1),host(localhost),port(8083)]).
completed(117, 0.003098, 220, 200, ok).
/*Mon Sep 28 11:38:44 2026*/ request(118, 1790606324.404, [peer(ip(10,1,0,58)),method(post),request_uri('/sesion'),path('/sesion'),http_version(1-1),host(localhost),port(8083)]).
completed(118, 0.044196, 98, 200, ok).
/*Mon Sep 28 11:38:53 2026*/ request(119, 1790606333.523, [peer(ip(10,1,0,58)),method(get),request_uri('/alumnos/158'),path('/alumnos/158'),http_version(1-1),host(localhost),port(8083)]).
completed(119, 0.001752, 192, 200, ok).
/*Mon Sep 28 11:39:32 2026*/ request(120, 1790606372.094, [peer(ip(10,1,0,58)),method(get),request_uri('/alumnos/158'),path('/alumnos/158'),http_version(1-1),host(localhost),port(8083)]).
completed(120, 0.002411, 256, 200, ok).
/*Mon Sep 28 11:39:54 2026*/ request(121, 1790606394.841, [peer(ip(10,1,0,58)),method(post),request_uri('/mis-inscripciones'),path('/mis-inscripciones'),http_version(1-1),host(localhost),port(8083)]).
completed(121, 0.001168, 41, 409, ok).
/*Mon Sep 28 11:40:09 2026*/ request(122, 1790606409.448, [peer(ip(10,1,0,58)),method(get),request_uri('/materias'),path('/materias'),http_version(1-1),host(localhost),port(8083)]).
completed(122, 0.001118, 412, 200, ok).
/*Mon Sep 28 11:40:30 2026*/ request(123, 1790606430.969, [peer(ip(10,1,0,58)),method(get),request_uri('/alumnos/158'),path('/alumnos/158'),http_version(1-1),host(localhost),port(8083)]).
completed(123, 0.002494, 237, 200, ok).
/*Mon Sep 28 11:41:02 2026*/ request(124, 1790606462.912, [peer(ip(10,1,0,58)),method(get),request_uri('/ranking'),path('/ranking'),http_version(1-1),host(localhost),port(8083)]).
completed(124, 0.002968, 1026, 200, ok).
/*Mon Sep 28 11:41:38 2026*/ request(125, 1790606498.440, [peer(ip(10,1,0,58)),method(post),request_uri('/mis-inscripciones'),path('/mis-inscripciones'),http_version(1-1),host(localhost),port(8083)]).
completed(125, 0.002009, 17, 200, ok).
/*Mon Sep 28 11:41:59 2026*/ request(126, 1790606519.781, [peer(ip(10,1,0,58)),method(get),request_uri('/alumnos/158'),path('/alumnos/158'),http_version(1-1),host(localhost),port(8083)]).
completed(126, 0.002343, 202, 200, ok).
/*Mon Sep 28 11:45:32 2026*/ request(127, 1790606732.679, [peer(ip(10,1,0,48)),method(post),request_uri('/sesion'),path('/sesion'),http_version(1-1),host(localhost),port(8083)]).
completed(127, 0.043903, 36, 401, ok).
/*Mon Sep 28 11:45:44 2026*/ request(128, 1790606744.045, [peer(ip(10,1,0,48)),method(post),request_uri('/sesion'),path('/sesion'),http_version(1-1),host(localhost),port(8083)]).
completed(128, 0.045091, 98, 200, ok).
/*Mon Sep 28 11:46:05 2026*/ request(129, 1790606765.632, [peer(ip(10,1,0,48)),method(get),request_uri('/materias'),path('/materias'),http_version(1-1),host(localhost),port(8083)]).
completed(129, 0.001560, 412, 200, ok).
/*Mon Sep 28 11:46:33 2026*/ request(130, 1790606793.396, [peer(ip(10,1,0,48)),method(get),request_uri('/materias/algebra/promedio'),path('/materias/algebra/promedio'),http_version(1-1),host(localhost),port(8083)]).
completed(130, 0.003151, 55, 200, ok).
/*Mon Sep 28 11:47:06 2026*/ request(131, 1790606826.140, [peer(ip(10,1,0,48)),method(post),request_uri('/mis-inscripciones'),path('/mis-inscripciones'),http_version(1-1),host(localhost),port(8083)]).
completed(131, 0.001149, 17, 200, ok).
/*Mon Sep 28 11:47:40 2026*/ request(132, 1790606860.550, [peer(ip(10,1,0,48)),method(get),request_uri('/materias'),path('/materias'),http_version(1-1),host(localhost),port(8083)]).
completed(132, 0.003041, 412, 200, ok).
/*Mon Sep 28 11:48:17 2026*/ request(133, 1790606897.972, [peer(ip(10,1,0,48)),method(get),request_uri('/alumnos/148'),path('/alumnos/148'),http_version(1-1),host(localhost),port(8083)]).
completed(133, 0.002835, 236, 200, ok).
/*Mon Sep 28 11:48:55 2026*/ request(134, 1790606935.828, [peer(ip(10,1,0,48)),method(get),request_uri('/materias/analisis/promedio'),path('/materias/analisis/promedio'),http_version(1-1),host(localhost),port(8083)]).
completed(134, 0.001020, 41, 200, ok).
/*Mon Sep 28 11:50:00 2026*/ request(135, 1790607000.522, [peer(ip(10,1,0,31)),method(post),request_uri('/sesion'),path('/sesion'),http_version(1-1),host(localhost),port(8083)]).
completed(135, 0.046452, 36, 401, ok).
/*Mon Sep 28 11:50:11 2026*/ request(136, 1790607011.374, [peer(ip(10,1,0,31)),method(post),request_uri('/sesion'),path('/sesion'),http_version(1-1),host(localhost),port(8083)]).
completed(136, 0.043978, 36, 401, ok).
/*Mon Sep 28 11:50:18 2026*/ request(137, 1790607018.944, [peer(ip(10,1,0,31)),method(post),request_uri('/sesion'),path('/sesion'),http_version(1-1),host(localhost),port(8083)]).
completed(137, 0.047082, 36, 401, ok).
/*Mon Sep 28 11:50:33 2026*/ request(138, 1790607033.407, [peer(ip(10,1,0,31)),method(post),request_uri('/sesion'),path('/sesion'),http_version(1-1),host(localhost),port(8083)]).
completed(138, 0.044220, 36, 401, ok).
/*Mon Sep 28 11:50:40 2026*/ request(139, 1790607040.002, [peer(ip(10,1,0,31)),method(post),request_uri('/sesion'),path('/sesion'),http_version(1-1),host(localhost),port(8083)]).
completed(139, 0.044963, 36, 401, ok).
/*Mon Sep 28 11:50:53 2026*/ request(140, 1790607053.956, [peer(ip(10,1,0,31)),method(post),request_uri('/sesion'),path('/sesion'),http_version(1-1),host(localhost),port(8083)]).
completed(140, 0.049418, 98, 200, ok).
/*Mon Sep 28 11:51:30 2026*/ request(141, 1790607090.741, [peer(ip(10,1,0,31)),method(get),request_uri('/materias/analisis/promedio'),path('/materias/analisis/promedio'),http_version(1-1),host(localhost),port(8083)]).
completed(141, 0.002284, 55, 200, ok).
/*Mon Sep 28 11:52:09 2026*/ request(142, 1790607129.697, [peer(ip(10,1,0,31)),method(get),request_uri('/ranking'),path('/ranking'),http_version(1-1),host(localhost),port(8083)]).
completed(142, 0.002877, 960, 200, ok).
/*Mon Sep 28 11:52:19 2026*/ request(143, 1790607139.685, [peer(ip(10,1,0,31)),method(get),request_uri('/materias/fisica/promedio'),path('/materias/fisica/promedio'),http_version(1-1),host(localhost),port(8083)]).
completed(143, 0.001691, 42, 200, ok).
/*Mon Sep 28 11:52:26 2026*/ request(144, 1790607146.035, [peer(ip(10,1,0,31)),method(get),request_uri('/materias'),path('/materias'),http_version(1-1),host(localhost),port(8083)]).
completed(144, 0.002103, 412, 200, ok).
/*Mon Sep 28 11:52:34 2026*/ request(145, 1790607154.493, [peer(ip(10,1,0,31)),method(get),request_uri('/materias'),path('/materias'),http_version(1-1),host(localhost),port(8083)]).
completed(145, 0.001090, 412, 200, ok).
/*Mon Sep 28 11:53:06 2026*/ request(146, 1790607186.132, [peer(ip(10,1,0,31)),method(get),request_uri('/materias'),path('/materias'),http_version(1-1),host(localhost),port(8083)]).
completed(146, 0.000844, 412, 200, ok).
/*Mon Sep 28 11:53:16 2026*/ request(147, 1790607196.276, [peer(ip(10,1,0,31)),method(post),request_uri('/mis-inscripciones'),path('/mis-inscripciones'),http_version(1-1),host(localhost),port(8083)]).
completed(147, 0.001371, 17, 200, ok).
/*Mon Sep 28 11:53:39 2026*/ request(148, 1790607219.051, [peer(ip(10,1,0,31)),method(get),request_uri('/materias/analisis/promedio'),path('/materias/analisis/promedio'),http_version(1-1),host(localhost),port(8083)]).
completed(148, 0.002173, 49, 200, ok).
/*Mon Sep 28 11:53:51 2026*/ request(149, 1790607231.095, [peer(ip(10,1,0,31)),method(get),request_uri('/alumnos/131'),path('/alumnos/131'),http_version(1-1),host(localhost),port(8083)]).
completed(149, 0.002498, 185, 200, ok).
/*Mon Sep 28 11:54:20 2026*/ request(150, 1790607260.497, [peer(ip(10,1,0,31)),method(get),request_uri('/materias/algebra/promedio'),path('/materias/algebra/promedio'),http_version(1-1),host(localhost),port(8083)]).
completed(150, 0.003005, 41, 200, ok).
/*Mon Sep 28 11:54:28 2026*/ request(151, 1790607268.159, [peer(ip(10,1,0,31)),method(get),request_uri('/materias'),path('/materias'),http_version(1-1),host(localhost),port(8083)]).
completed(151, 0.003061, 412, 200, ok).
/*Mon Sep 28 11:55:04 2026*/ request(152, 1790607304.820, [peer(ip(10,1,0,31)),method(get),request_uri('/alumnos/131'),path('/alumnos/131'),http_version(1-1),host(localhost),port(8083)]).
completed(152, 0.001381, 233, 200, ok).
/*Mon Sep 28 11:55:21 2026*/ request(153, 1790607321.678, [peer(ip(10,1,0,31)),method(get),request_uri('/materias/sistemas/promedio'),path('/materias/sistemas/promedio'),http_version(1-1),host(localhost),port(8083)]).
completed(153, 0.002486, 42, 200, ok).
/*Mon Sep 28 12:00:34 2026*/ request(154, 1790607634.004, [peer(ip(10,1,0,11)),method(post),request_uri('/sesion'),path('/sesion'),http_version(1-1),host(localhost),port(8083)]).
completed(154, 0.043165, 98, 200, ok).
/*Mon Sep 28 12:00:38 2026*/ request(155, 1790607638.813, [peer(ip(10,1,0,11)),method(post),request_uri('/mis-inscripciones'),path('/mis-inscripciones'),http_version(1-1),host(localhost),port(8083)]).
completed(155, 0.001007, 17, 200, ok).
/*Mon Sep 28 12:01:00 2026*/ request(156, 1790607660.584, [peer(ip(10,1,0,11)),method(get),request_uri('/materias/analisis/promedio'),path('/materias/analisis/promedio'),http_version(1-1),host(localhost),port(8083)]).
completed(156, 0.002158, 48, 200, ok).
/*Mon Sep 28 12:01:25 2026*/ request(157, 1790607685.158, [peer(ip(10,1,0,11)),method(get),request_uri('/alumnos/111'),path('/alumnos/111'),http_version(1-1),host(localhost),port(8083)]).
completed(157, 0.002672, 256, 200, ok).
/*Mon Sep 28 12:01:42 2026*/ request(158, 1790607702.455, [peer(ip(10,1,0,11)),method(get),request_uri('/ranking'),path('/ranking'),http_version(1-1),host(localhost),port(8083)]).
completed(158, 0.002443, 1078, 200, ok).
/*Mon Sep 28 12:02:07 2026*/ request(159, 1790607727.894, [peer(ip(10,1,0,11)),method(get),request_uri('/alumnos/111'),path('/alumnos/111'),http_version(1-1),host(localhost),port(8083)]).
completed(159, 0.000872, 214, 200, ok).
/*Mon Sep 28 12:02:13 2026*/ request(160, 1790607733.586, [peer(ip(10,1,0,11)),method(get),request_uri('/alumnos/111'),path('/alumnos/111'),http_version(1-1),host(localhost),port(8083)]).
completed(160, 0.002283, 217, 200, ok).
/*Mon Sep 28 12:02:30 2026*/ request(161, 1790607750.570, [peer(ip(10,1,0,11)),method(get),request_uri('/materias'),path('/materias'),http_version(1-1),host(localhost),port(8083)]).
completed(161, 0.002323, 412, 200, ok).
/*Mon Sep 28 12:02:57 2026*/ request(162, 1790607777.191, [peer(ip(10,1,0,11)),method(post),request_uri('/mis-inscripciones'),path('/mis-inscripciones'),http_version(1-1),host(localhost),port(8083)]).
completed(162, 0.001682, 17, 200, ok).
/*Mon Sep 28 12:03:37 2026*/ request(163, 1790607817.004, [peer(ip(10,1,0,11)),method(get),request_uri('/alumnos/111'),path('/alumnos/111'),http_version(1-1),host(localhost),port(8083)]).
completed(163, 0.002498, 245, 200, ok).
/*Mon Sep 28 12:13:48 2026*/ request(164, 1790608428.911, [peer(ip(10,1,0,60)),method(post),request_uri('/sesion'),path('/sesion'),http_version(1-1),host(localhost),port(8083)]).
completed(164, 0.046186, 36, 401, ok).
/*Mon Sep 28 12:14:02 2026*/ request(165, 1790608442.371, [peer(ip(10,1,0,60)),method(post),request_uri('/sesion'),path('/sesion'),http_version(1-1),host(localhost),port(8083)]).
completed(165, 0.043537, 36, 401, ok).
/*Mon Sep 28 12:14:07 2026*/ request(166, 1790608447.127, [peer(ip(10,1,0,60)),method(post),request_uri('/sesion'),path('/sesion'),http_version(1-1),host(localhost),port(8083)]).
completed(166, 0.046764, 36, 401, ok).
/*Mon Sep 28 12:14:12 2026*/ request(167, 1790608452.139, [peer(ip(10,1,0,60)),method(post),request_uri('/sesion'),path('/sesion'),http_version(1-1),host(localhost),port(8083)]).
completed(167, 0.045541, 36, 401, ok).
/*Mon Sep 28 12:14:23 2026*/ request(168, 1790608463.896, [peer(ip(10,1,0,60)),method(post),request_uri('/sesion'),path('/sesion'),http_version(1-1),host(localhost),port(8083)]).
completed(168, 0.047562, 98, 200, ok).
/*Mon Sep 28 12:14:46 2026*/ request(169, 1790608486.832, [peer(ip(10,1,0,60)),method(get),request_uri('/materias/analisis/promedio'),path('/materias/analisis/promedio'),http_version(1-1),host(localhost),port(8083)]).
completed(169, 0.002139, 47, 200, ok).
/*Mon Sep 28 12:14:57 2026*/ request(170, 1790608497.118, [peer(ip(10,1,0,60)),method(get),request_uri('/materias'),path('/materias'),http_version(1-1),host(localhost),port(8083)]).
completed(170, 0.001847, 412, 200, ok).
/*Mon Sep 28 12:15:01 2026*/ request(171, 1790608501.484, [peer(ip(10,1,0,60)),method(get),request_uri('/alumnos/160'),path('/alumnos/160'),http_version(1-1),host(localhost),port(8083)]).
completed(171, 0.001295, 217, 200, ok).
/*Mon Sep 28 12:15:15 2026*/ request(172, 1790608515.611, [peer(ip(10,1,0,60)),method(get),request_uri('/materias/sistemas/promedio'),path('/materias/sistemas/promedio'),http_version(1-1),host(localhost),port(8083)]).
completed(172, 0.002657, 51, 200, ok).
/*Mon Sep 28 12:15:21 2026*/ request(173, 1790608521.279, [peer(ip(10,1,0,60)),method(get),request_uri('/alumnos/160'),path('/alumnos/160'),http_version(1-1),host(localhost),port(8083)]).
completed(173, 0.002694, 248, 200, ok).
/*Mon Sep 28 12:15:43 2026*/ request(174, 1790608543.568, [peer(ip(10,1,0,60)),method(post),request_uri('/mis-inscripciones'),path('/mis-inscripciones'),http_version(1-1),host(localhost),port(8083)]).
completed(174, 0.002014, 17, 200, ok).
/*Mon Sep 28 12:16:17 2026*/ request(175, 1790608577.089, [peer(ip(10,1,0,60)),method(get),request_uri('/materias'),path('/materias'),http_version(1-1),host(localhost),port(8083)]).
completed(175, 0.002450, 412, 200, ok).
/*Mon Sep 28 12:16:53 2026*/ request(176, 1790608613.491, [peer(ip(10,1,0,60)),method(post),request_uri('/mis-inscripciones'),path('/mis-inscripciones'),http_version(1-1),host(localhost),port(8083)]).
completed(176, 0.001957, 17, 200, ok).
/*Mon Sep 28 12:17:15 2026*/ request(177, 1790608635.533, [peer(ip(10,1,0,60)),method(get),request_uri('/alumnos/160'),path('/alumnos/160'),http_version(1-1),host(localhost),port(8083)]).
completed(177, 0.002704, 253, 200, ok).
/*Mon Sep 28 12:17:55 2026*/ request(178, 1790608675.049, [peer(ip(10,1,0,60)),method(get),request_uri('/materias'),path('/materias'),http_version(1-1),host(localhost),port(8083)]).
completed(178, 0.002028, 412, 200, ok).
/*Mon Sep 28 12:32:35 2026*/ request(179, 1790609555.499, [peer(ip(10,1,0,29)),method(post),request_uri('/sesion'),path('/sesion'),http_version(1-1),host(localhost),port(8083)]).
completed(179, 0.049405, 36, 401, ok).
/*Mon Sep 28 12:32:41 2026*/ request(180, 1790609561.074, [peer(ip(10,1,0,29)),method(post),request_uri('/sesion'),path('/sesion'),http_version(1-1),host(localhost),port(8083)]).
completed(180, 0.045264, 36, 401, ok).
/*Mon Sep 28 12:32:46 2026*/ request(181, 1790609566.901, [peer(ip(10,1,0,29)),method(post),request_uri('/sesion'),path('/sesion'),http_version(1-1),host(localhost),port(8083)]).
completed(181, 0.042284, 98, 200, ok).
/*Mon Sep 28 12:33:04 2026*/ request(182, 1790609584.380, [peer(ip(10,1,0,29)),method(get),request_uri('/materias/fisica/promedio'),path('/materias/fisica/promedio'),http_version(1-1),host(localhost),port(8083)]).
completed(182, 0.002998, 52, 200, ok).
/*Mon Sep 28 12:33:35 2026*/ request(183, 1790609615.210, [peer(ip(10,1,0,29)),method(get),request_uri('/ranking'),path('/ranking'),http_version(1-1),host(localhost),port(8083)]).
completed(183, 0.002320, 962, 200, ok).
/*Mon Sep 28 12:42:30 2026*/ request(184, 1790610150.083, [peer(ip(10,1,0,40)),method(post),request_uri('/sesion'),path('/sesion'),http_version(1-1),host(localhost),port(8083)]).
completed(184, 0.048805, 36, 401, ok).
/*Mon Sep 28 12:42:42 2026*/ request(185, 1790610162.111, [peer(ip(10,1,0,40)),method(post),request_uri('/sesion'),path('/sesion'),http_version(1-1),host(localhost),port(8083)]).
completed(185, 0.047261, 98, 200, ok).
/*Mon Sep 28 12:42:58 2026*/ request(186, 1790610178.288, [peer(ip(10,1,0,40)),method(get),request_uri('/materias'),path('/materias'),http_version(1-1),host(localhost),port(8083)]).
completed(186, 0.001256, 412, 200, ok).
/*Mon Sep 28 12:43:04 2026*/ request(187, 1790610184.708, [peer(ip(10,1,0,40)),method(post),request_uri('/mis-inscripciones'),path('/mis-inscripciones'),http_version(1-1),host(localhost),port(8083)]).
completed(187, 0.001986, 17, 200, ok).
/*Mon Sep 28 12:43:11 2026*/ request(188, 1790610191.154, [peer(ip(10,1,0,40)),method(get),request_uri('/alumnos/140'),path('/alumnos/140'),http_version(1-1),host(localhost),port(8083)]).
completed(188, 0.003099, 259, 200, ok).
/*Mon Sep 28 12:43:23 2026*/ request(189, 1790610203.764, [peer(ip(10,1,0,40)),method(get),request_uri('/materias'),path('/materias'),http_version(1-1),host(localhost),port(8083)]).
completed(189, 0.002594, 412, 200, ok).
/*Mon Sep 28 12:43:33 2026*/ request(190, 1790610213.090, [peer(ip(10,1,0,40)),method(post),request_uri('/mis-inscripciones'),path('/mis-inscripciones'),http_version(1-1),host(localhost),port(8083)]).
completed(190, 0.002383, 17, 200, ok).
/*Mon Sep 28 12:43:48 2026*/ request(191, 1790610228.017, [peer(ip(10,1,0,40)),method(get),request_uri('/materias'),path('/materias'),http_version(1-1),host(localhost),port(8083)]).
completed(191, 0.000975, 412, 200, ok).
/*Mon Sep 28 12:43:56 2026*/ request(192, 1790610236.293, [peer(ip(10,1,0,40)),method(get),request_uri('/materias'),path('/materias'),http_version(1-1),host(localhost),port(8083)]).
completed(192, 0.001854, 412, 200, ok).
/*Mon Sep 28 12:44:24 2026*/ request(193, 1790610264.727, [peer(ip(10,1,0,40)),method(get),request_uri('/alumnos/140'),path('/alumnos/140'),http_version(1-1),host(localhost),port(8083)]).
completed(193, 0.002707, 225, 200, ok).
/*Mon Sep 28 12:44:38 2026*/ request(194, 1790610278.082, [peer(ip(10,1,0,40)),method(post),request_uri('/mis-inscripciones'),path('/mis-inscripciones'),http_version(1-1),host(localhost),port(8083)]).
completed(194, 0.001476, 17, 200, ok).
/*Mon Sep 28 12:59:50 2026*/ request(195, 1790611190.545, [peer(ip(10,1,0,52)),method(post),request_uri('/sesion'),path('/sesion'),http_version(1-1),host(localhost),port(8083)]).
completed(195, 0.044309, 36, 401, ok).
/*Mon Sep 28 13:00:03 2026*/ request(196, 1790611203.736, [peer(ip(10,1,0,52)),method(post),request_uri('/sesion'),path('/sesion'),http_version(1-1),host(localhost),port(8083)]).
completed(196, 0.042151, 36, 401, ok).
/*Mon Sep 28 13:00:07 2026*/ request(197, 1790611207.577, [peer(ip(10,1,0,52)),method(post),request_uri('/sesion'),path('/sesion'),http_version(1-1),host(localhost),port(8083)]).
completed(197, 0.043610, 36, 401, ok).
/*Mon Sep 28 13:00:18 2026*/ request(198, 1790611218.146, [peer(ip(10,1,0,52)),method(post),request_uri('/sesion'),path('/sesion'),http_version(1-1),host(localhost),port(8083)]).
completed(198, 0.045737, 36, 401, ok).
/*Mon Sep 28 13:00:25 2026*/ request(199, 1790611225.290, [peer(ip(10,1,0,52)),method(post),request_uri('/sesion'),path('/sesion'),http_version(1-1),host(localhost),port(8083)]).
completed(199, 0.042727, 98, 200, ok).
/*Mon Sep 28 13:00:34 2026*/ request(200, 1790611234.701, [peer(ip(10,1,0,52)),method(get),request_uri('/materias'),path('/materias'),http_version(1-1),host(localhost),port(8083)]).
completed(200, 0.001577, 412, 200, ok).
/*Mon Sep 28 13:00:57 2026*/ request(201, 1790611257.045, [peer(ip(10,1,0,52)),method(get),request_uri('/alumnos/152'),path('/alumnos/152'),http_version(1-1),host(localhost),port(8083)]).
completed(201, 0.002303, 226, 200, ok).
/*Mon Sep 28 13:01:18 2026*/ request(202, 1790611278.880, [peer(ip(10,1,0,52)),method(get),request_uri('/materias/fisica/promedio'),path('/materias/fisica/promedio'),http_version(1-1),host(localhost),port(8083)]).
completed(202, 0.001191, 42, 200, ok).
/*Mon Sep 28 13:01:25 2026*/ request(203, 1790611285.550, [peer(ip(10,1,0,52)),method(post),request_uri('/mis-inscripciones'),path('/mis-inscripciones'),http_version(1-1),host(localhost),port(8083)]).
completed(203, 0.003144, 17, 200, ok).
/*Mon Sep 28 13:01:35 2026*/ request(204, 1790611295.918, [peer(ip(10,1,0,52)),method(get),request_uri('/materias'),path('/materias'),http_version(1-1),host(localhost),port(8083)]).
completed(204, 0.002685, 412, 200, ok).
/*Mon Sep 28 13:21:52 2026*/ request(205, 1790612512.463, [peer(ip(10,1,0,35)),method(post),request_uri('/sesion'),path('/sesion'),http_version(1-1),host(localhost),port(8083)]).
completed(205, 0.049477, 36, 401, ok).
/*Mon Sep 28 13:22:07 2026*/ request(206, 1790612527.364, [peer(ip(10,1,0,35)),method(post),request_uri('/sesion'),path('/sesion'),http_version(1-1),host(localhost),port(8083)]).
completed(206, 0.045526, 98, 200, ok).
/*Mon Sep 28 13:22:43 2026*/ request(207, 1790612563.731, [peer(ip(10,1,0,35)),method(get),request_uri('/materias'),path('/materias'),http_version(1-1),host(localhost),port(8083)]).
completed(207, 0.001261, 412, 200, ok).
/*Mon Sep 28 13:23:11 2026*/ request(208, 1790612591.025, [peer(ip(10,1,0,35)),method(post),request_uri('/mis-inscripciones'),path('/mis-inscripciones'),http_version(1-1),host(localhost),port(8083)]).
completed(208, 0.002086, 41, 409, ok).
/*Mon Sep 28 13:23:19 2026*/ request(209, 1790612599.206, [peer(ip(10,1,0,35)),method(get),request_uri('/ranking'),path('/ranking'),http_version(1-1),host(localhost),port(8083)]).
completed(209, 0.000931, 1068, 200, ok).
/*Mon Sep 28 13:23:23 2026*/ request(210, 1790612603.217, [peer(ip(10,1,0,35)),method(get),request_uri('/ranking'),path('/ranking'),http_version(1-1),host(localhost),port(8083)]).
completed(210, 0.002675, 994, 200, ok).
/*Mon Sep 28 13:23:43 2026*/ request(211, 1790612623.869, [peer(ip(10,1,0,4)),method(post),request_uri('/sesion'),path('/sesion'),http_version(1-1),host(localhost),port(8083)]).
completed(211, 0.042493, 98, 200, ok).
/*Mon Sep 28 13:24:00 2026*/ request(212, 1790612640.500, [peer(ip(10,1,0,35)),method(post),request_uri('/mis-inscripciones'),path('/mis-inscripciones'),http_version(1-1),host(localhost),port(8083)]).
completed(212, 0.001572, 17, 200, ok).
/*Mon Sep 28 13:24:01 2026*/ request(213, 1790612641.403, [peer(ip(10,1,0,4)),method(get),request_uri('/ranking'),path('/ranking'),http_version(1-1),host(localhost),port(8083)]).
completed(213, 0.001680, 926, 200, ok).
/*Mon Sep 28 13:24:13 2026*/ request(214, 1790612653.022, [peer(ip(10,1,0,4)),method(get),request_uri('/materias/sistemas/promedio'),path('/materias/sistemas/promedio'),http_version(1-1),host(localhost),port(8083)]).
completed(214, 0.000829, 57, 200, ok).
/*Mon Sep 28 13:24:23 2026*/ request(215, 1790612663.286, [peer(ip(10,1,0,4)),method(get),request_uri('/ranking'),path('/ranking'),http_version(1-1),host(localhost),port(8083)]).
completed(215, 0.001864, 923, 200, ok).
/*Mon Sep 28 13:24:23 2026*/ request(216, 1790612663.536, [peer(ip(10,1,0,35)),method(get),request_uri('/materias'),path('/materias'),http_version(1-1),host(localhost),port(8083)]).
completed(216, 0.003284, 412, 200, ok).
/*Mon Sep 28 13:24:44 2026*/ request(217, 1790612684.425, [peer(ip(10,1,0,4)),method(get),request_uri('/alumnos/104'),path('/alumnos/104'),http_version(1-1),host(localhost),port(8083)]).
completed(217, 0.001226, 204, 200, ok).
/*Mon Sep 28 13:25:16 2026*/ request(218, 1790612716.854, [peer(ip(10,1,0,4)),method(get),request_uri('/materias'),path('/materias'),http_version(1-1),host(localhost),port(8083)]).
completed(218, 0.001174, 412, 200, ok).
/*Mon Sep 28 13:25:56 2026*/ request(219, 1790612756.560, [peer(ip(10,1,0,4)),method(get),request_uri('/ranking'),path('/ranking'),http_version(1-1),host(localhost),port(8083)]).
completed(219, 0.001500, 1098, 200, ok).
/*Mon Sep 28 13:36:45 2026*/ request(220, 1790613405.198, [peer(ip(10,1,0,48)),method(post),request_uri('/sesion'),path('/sesion'),http_version(1-1),host(localhost),port(8083)]).
completed(220, 0.045778, 98, 200, ok).
/*Mon Sep 28 13:37:19 2026*/ request(221, 1790613439.013, [peer(ip(10,1,0,48)),method(get),request_uri('/materias/algebra/promedio'),path('/materias/algebra/promedio'),http_version(1-1),host(localhost),port(8083)]).
completed(221, 0.000826, 52, 200, ok).
/*Mon Sep 28 13:37:53 2026*/ request(222, 1790613473.304, [peer(ip(10,1,0,48)),method(get),request_uri('/materias'),path('/materias'),http_version(1-1),host(localhost),port(8083)]).
completed(222, 0.002308, 412, 200, ok).
/*Mon Sep 28 13:38:30 2026*/ request(223, 1790613510.875, [peer(ip(10,1,0,48)),method(get),request_uri('/ranking'),path('/ranking'),http_version(1-1),host(localhost),port(8083)]).
completed(223, 0.002927, 975, 200, ok).
/*Mon Sep 28 13:39:07 2026*/ request(224, 1790613547.643, [peer(ip(10,1,0,48)),method(get),request_uri('/materias'),path('/materias'),http_version(1-1),host(localhost),port(8083)]).
completed(224, 0.001390, 412, 200, ok).
/*Mon Sep 28 13:39:11 2026*/ request(225, 1790613551.541, [peer(ip(10,1,0,48)),method(get),request_uri('/ranking'),path('/ranking'),http_version(1-1),host(localhost),port(8083)]).
completed(225, 0.003176, 902, 200, ok).
/*Mon Sep 28 13:39:43 2026*/ request(226, 1790613583.792, [peer(ip(10,1,0,48)),method(get),request_uri('/alumnos/148'),path('/alumnos/148'),http_version(1-1),host(localhost),port(8083)]).
completed(226, 0.002132, 230, 200, ok).
/*Mon Sep 28 13:39:48 2026*/ request(227, 1790613588.652, [peer(ip(10,1,0,48)),method(get),request_uri('/materias/sistemas/promedio'),path('/materias/sistemas/promedio'),http_version(1-1),host(localhost),port(8083)]).
completed(227, 0.001210, 44, 200, ok).
/*Mon Sep 28 13:39:53 2026*/ request(228, 1790613593.987, [peer(ip(10,1,0,48)),method(get),request_uri('/materias/algebra/promedio'),path('/materias/algebra/promedio'),http_version(1-1),host(localhost),port(8083)]).
completed(228, 0.002795, 52, 200, ok).
/*Mon Sep 28 13:56:43 2026*/ request(229, 1790614603.876, [peer(ip(10,1,0,35)),method(post),request_uri('/sesion'),path('/sesion'),http_version(1-1),host(localhost),port(8083)]).
completed(229, 0.044477, 36, 401, ok).
/*Mon Sep 28 13:56:56 2026*/ request(230, 1790614616.700, [peer(ip(10,1,0,35)),method(post),request_uri('/sesion'),path('/sesion'),http_version(1-1),host(localhost),port(8083)]).
completed(230, 0.046702, 36, 401, ok).
/*Mon Sep 28 13:57:10 2026*/ request(231, 1790614630.075, [peer(ip(10,1,0,35)),method(post),request_uri('/sesion'),path('/sesion'),http_version(1-1),host(localhost),port(8083)]).
completed(231, 0.045844, 36, 401, ok).
/*Mon Sep 28 13:57:22 2026*/ request(232, 1790614642.004, [peer(ip(10,1,0,35)),method(post),request_uri('/sesion'),path('/sesion'),http_version(1-1),host(localhost),port(8083)]).
completed(232, 0.044296, 98, 200, ok).
/*Mon Sep 28 13:57:31 2026*/ request(233, 1790614651.171, [peer(ip(10,1,0,35)),method(get),request_uri('/materias'),path('/materias'),http_version(1-1),host(localhost),port(8083)]).
completed(233, 0.000876, 412, 200, ok).
/*Mon Sep 28 13:57:35 2026*/ request(234, 1790614655.927, [peer(ip(10,1,0,35)),method(get),request_uri('/materias/algebra/promedio'),path('/materias/algebra/promedio'),http_version(1-1),host(localhost),port(8083)]).
completed(234, 0.002543, 42, 200, ok).
/*Mon Sep 28 13:57:56 2026*/ request(235, 1790614676.984, [peer(ip(10,1,0,35)),method(get),request_uri('/materias/algebra/promedio'),path('/materias/algebra/promedio'),http_version(1-1),host(localhost),port(8083)]).
completed(235, 0.003144, 51, 200, ok).
/*Mon Sep 28 14:08:20 2026*/ request(236, 1790615300.895, [peer(ip(10,1,0,52)),method(post),request_uri('/sesion'),path('/sesion'),http_version(1-1),host(localhost),port(8083)]).
completed(236, 0.045454, 98, 200, ok).
/*Mon Sep 28 14:09:00 2026*/ request(237, 1790615340.057, [peer(ip(10,1,0,52)),method(get),request_uri('/ranking'),path('/ranking'),http_version(1-1),host(localhost),port(8083)]).
completed(237, 0.003162, 905, 200, ok).
/*Mon Sep 28 14:09:16 2026*/ request(238, 1790615356.219, [peer(ip(10,1,0,52)),method(post),request_uri('/mis-inscripciones'),path('/mis-inscripciones'),http_version(1-1),host(localhost),port(8083)]).
completed(238, 0.002773, 17, 200, ok).
/*Mon Sep 28 14:09:30 2026*/ request(239, 1790615370.670, [peer(ip(10,1,0,52)),method(get),request_uri('/materias'),path('/materias'),http_version(1-1),host(localhost),port(8083)]).
completed(239, 0.002619, 412, 200, ok).
/*Mon Sep 28 14:09:39 2026*/ request(240, 1790615379.328, [peer(ip(10,1,0,52)),method(get),request_uri('/materias'),path('/materias'),http_version(1-1),host(localhost),port(8083)]).
completed(240, 0.002547, 412, 200, ok).
/*Mon Sep 28 14:23:07 2026*/ request(241, 1790616187.688, [peer(ip(10,1,0,40)),method(post),request_uri('/sesion'),path('/sesion'),http_version(1-1),host(localhost),port(8083)]).
completed(241, 0.047178, 36, 401, ok).
/*Mon Sep 28 14:23:20 2026*/ request(242, 1790616200.725, [peer(ip(10,1,0,40)),method(post),request_uri('/sesion'),path('/sesion'),http_version(1-1),host(localhost),port(8083)]).
completed(242, 0.045809, 36, 401, ok).
/*Mon Sep 28 14:23:26 2026*/ request(243, 1790616206.118, [peer(ip(10,1,0,40)),method(post),request_uri('/sesion'),path('/sesion'),http_version(1-1),host(localhost),port(8083)]).
completed(243, 0.045922, 98, 200, ok).
/*Mon Sep 28 14:23:45 2026*/ request(244, 1790616225.151, [peer(ip(10,1,0,40)),method(get),request_uri('/materias'),path('/materias'),http_version(1-1),host(localhost),port(8083)]).
completed(244, 0.001837, 412, 200, ok).
/*Mon Sep 28 14:24:24 2026*/ request(245, 1790616264.117, [peer(ip(10,1,0,40)),method(get),request_uri('/materias/logica/promedio'),path('/materias/logica/promedio'),http_version(1-1),host(localhost),port(8083)]).
completed(245, 0.001179, 58, 200, ok).
/*Mon Sep 28 14:24:37 2026*/ request(246, 1790616277.177, [peer(ip(10,1,0,40)),method(get),request_uri('/materias/algebra/promedio'),path('/materias/algebra/promedio'),http_version(1-1),host(localhost),port(8083)]).
completed(246, 0.000873, 44, 200, ok).
/*Mon Sep 28 14:42:49 2026*/ request(247, 1790617369.076, [peer(ip(10,1,0,59)),method(post),request_uri('/sesion'),path('/sesion'),http_version(1-1),host(localhost),port(8083)]).
completed(247, 0.047834, 36, 401, ok).
/*Mon Sep 28 14:43:03 2026*/ request(248, 1790617383.789, [peer(ip(10,1,0,59)),method(post),request_uri('/sesion'),path('/sesion'),http_version(1-1),host(localhost),port(8083)]).
completed(248, 0.047359, 98, 200, ok).
/*Mon Sep 28 14:43:23 2026*/ request(249, 1790617403.675, [peer(ip(10,1,0,59)),method(get),request_uri('/materias/sistemas/promedio'),path('/materias/sistemas/promedio'),http_version(1-1),host(localhost),port(8083)]).
completed(249, 0.002586, 58, 200, ok).
/*Mon Sep 28 14:43:34 2026*/ request(250, 1790617414.116, [peer(ip(10,1,0,59)),method(get),request_uri('/materias'),path('/materias'),http_version(1-1),host(localhost),port(8083)]).
completed(250, 0.002431, 412, 200, ok).
/*Mon Sep 28 14:44:11 2026*/ request(251, 1790617451.735, [peer(ip(10,1,0,59)),method(get),request_uri('/alumnos/159'),path('/alumnos/159'),http_version(1-1),host(localhost),port(8083)]).
completed(251, 0.002098, 205, 200, ok).
/*Mon Sep 28 14:44:51 2026*/ request(252, 1790617491.676, [peer(ip(10,1,0,59)),method(get),request_uri('/materias/analisis/promedio'),path('/materias/analisis/promedio'),http_version(1-1),host(localhost),port(8083)]).
completed(252, 0.003073, 50, 200, ok).
/*Mon Sep 28 14:45:18 2026*/ request(253, 1790617518.531, [peer(ip(10,1,0,59)),method(get),request_uri('/materias'),path('/materias'),http_version(1-1),host(localhost),port(8083)]).
completed(253, 0.001335, 412, 200, ok).
/*Mon Sep 28 14:45:29 2026*/ request(254, 1790617529.612, [peer(ip(10,1,0,59)),method(get),request_uri('/alumnos/159'),path('/alumnos/159'),http_version(1-1),host(localhost),port(8083)]).
completed(254, 0.002133, 254, 200, ok).
/*Mon Sep 28 14:45:33 2026*/ request(255, 1790617533.014, [peer(ip(10,1,0,59)),method(get),request_uri('/materias'),path('/materias'),http_version(1-1),host(localhost),port(8083)]).
completed(255, 0.002721, 412, 200, ok).
/*Mon Sep 28 14:46:08 2026*/ request(256, 1790617568.211, [peer(ip(10,1,0,59)),method(get),request_uri('/materias/algebra/promedio'),path('/materias/algebra/promedio'),http_version(1-1),host(localhost),port(8083)]).
completed(256, 0.002627, 50, 200, ok).
/*Mon Sep 28 14:46:21 2026*/ request(257, 1790617581.653, [peer(ip(10,1,0,59)),method(post),request_uri('/mis-inscripciones'),path('/mis-inscripciones'),http_version(1-1),host(localhost),port(8083)]).
completed(257, 0.002391, 17, 200, ok).
/*Mon Sep 28 14:46:47 2026*/ request(258, 1790617607.741, [peer(ip(10,1,0,59)),method(get),request_uri('/materias'),path('/materias'),http_version(1-1),host(localhost),port(8083)]).
completed(258, 0.000958, 412, 200, ok).
/*Mon Sep 28 14:55:16 2026*/ request(259, 1790618116.508, [peer(ip(10,1,0,3)),method(post),request_uri('/sesion'),path('/sesion'),http_version(1-1),host(localhost),port(8083)]).
completed(259, 0.047518, 98, 200, ok).
/*Mon Sep 28 14:55:24 2026*/ request(260, 1790618124.156, [peer(ip(10,1,0,3)),method(get),request_uri('/materias'),path('/materias'),http_version(1-1),host(localhost),port(8083)]).
completed(260, 0.001568, 412, 200, ok).
/*Mon Sep 28 14:55:45 2026*/ request(261, 1790618145.785, [peer(ip(10,1,0,3)),method(get),request_uri('/alumnos/103'),path('/alumnos/103'),http_version(1-1),host(localhost),port(8083)]).
completed(261, 0.003297, 254, 200, ok).
/*Mon Sep 28 14:55:48 2026*/ request(262, 1790618148.951, [peer(ip(10,1,0,3)),method(get),request_uri('/materias'),path('/materias'),http_version(1-1),host(localhost),port(8083)]).
completed(262, 0.002224, 412, 200, ok).
/*Mon Sep 28 14:56:19 2026*/ request(263, 1790618179.718, [peer(ip(10,1,0,3)),method(get),request_uri('/materias/algebra/promedio'),path('/materias/algebra/promedio'),http_version(1-1),host(localhost),port(8083)]).
completed(263, 0.002855, 59, 200, ok).
/*Mon Sep 28 14:56:49 2026*/ request(264, 1790618209.248, [peer(ip(10,1,0,3)),method(post),request_uri('/mis-inscripciones'),path('/mis-inscripciones'),http_version(1-1),host(localhost),port(8083)]).
completed(264, 0.001807, 17, 200, ok).
/*Mon Sep 28 14:57:08 2026*/ request(265, 1790618228.031, [peer(ip(10,1,0,3)),method(post),request_uri('/mis-inscripciones'),path('/mis-inscripciones'),http_version(1-1),host(localhost),port(8083)]).
completed(265, 0.000920, 17, 200, ok).
/*Mon Sep 28 14:57:29 2026*/ request(266, 1790618249.172, [peer(ip(10,1,0,3)),method(get),request_uri('/alumnos/103'),path('/alumnos/103'),http_version(1-1),host(localhost),port(8083)]).
completed(266, 0.002086, 206, 200, ok).
/*Mon Sep 28 14:57:44 2026*/ request(267, 1790618264.501, [peer(ip(10,1,0,3)),method(post),request_uri('/mis-inscripciones'),path('/mis-inscripciones'),http_version(1-1),host(localhost),port(8083)]).
completed(267, 0.001493, 41, 409, ok).
/*Mon Sep 28 14:58:13 2026*/ request(268, 1790618293.332, [peer(ip(10,1,0,3)),method(get),request_uri('/alumnos/103'),path('/alumnos/103'),http_version(1-1),host(localhost),port(8083)]).
completed(268, 0.003146, 196, 200, ok).
/*Mon Sep 28 15:04:21 2026*/ request(269, 1790618661.237, [peer(ip(10,1,0,49)),method(post),request_uri('/sesion'),path('/sesion'),http_version(1-1),host(localhost),port(8083)]).
completed(269, 0.045364, 36, 401, ok).
/*Mon Sep 28 15:04:25 2026*/ request(270, 1790618665.627, [peer(ip(10,1,0,49)),method(post),request_uri('/sesion'),path('/sesion'),http_version(1-1),host(localhost),port(8083)]).
completed(270, 0.049665, 36, 401, ok).
/*Mon Sep 28 15:04:35 2026*/ request(271, 1790618675.805, [peer(ip(10,1,0,49)),method(post),request_uri('/sesion'),path('/sesion'),http_version(1-1),host(localhost),port(8083)]).
completed(271, 0.043321, 36, 401, ok).
/*Mon Sep 28 15:04:40 2026*/ request(272, 1790618680.308, [peer(ip(10,1,0,49)),method(post),request_uri('/sesion'),path('/sesion'),http_version(1-1),host(localhost),port(8083)]).
completed(272, 0.044807, 98, 200, ok).
/*Mon Sep 28 15:04:47 2026*/ request(273, 1790618687.517, [peer(ip(10,1,0,49)),method(get),request_uri('/materias'),path('/materias'),http_version(1-1),host(localhost),port(8083)]).
completed(273, 0.000860, 412, 200, ok).
/*Mon Sep 28 15:04:50 2026*/ request(274, 1790618690.237, [peer(ip(10,1,0,49)),method(get),request_uri('/ranking'),path('/ranking'),http_version(1-1),host(localhost),port(8083)]).
completed(274, 0.001213, 945, 200, ok).
/*Mon Sep 28 15:04:59 2026*/ request(275, 1790618699.968, [peer(ip(10,1,0,49)),method(get),request_uri('/materias/algebra/promedio'),path('/materias/algebra/promedio'),http_version(1-1),host(localhost),port(8083)]).
completed(275, 0.001893, 47, 200, ok).
/*Mon Sep 28 15:05:28 2026*/ request(276, 1790618728.331, [peer(ip(10,1,0,49)),method(get),request_uri('/ranking'),path('/ranking'),http_version(1-1),host(localhost),port(8083)]).
completed(276, 0.002545, 983, 200, ok).
/*Mon Sep 28 15:05:35 2026*/ request(277, 1790618735.184, [peer(ip(10,1,0,49)),method(get),request_uri('/materias/algebra/promedio'),path('/materias/algebra/promedio'),http_version(1-1),host(localhost),port(8083)]).
completed(277, 0.002998, 59, 200, ok).
/*Mon Sep 28 15:05:45 2026*/ request(278, 1790618745.209, [peer(ip(10,1,0,49)),method(post),request_uri('/mis-inscripciones'),path('/mis-inscripciones'),http_version(1-1),host(localhost),port(8083)]).
completed(278, 0.000862, 17, 200, ok).
/*Mon Sep 28 15:05:49 2026*/ request(279, 1790618749.855, [peer(ip(10,1,0,49)),method(get),request_uri('/materias'),path('/materias'),http_version(1-1),host(localhost),port(8083)]).
completed(279, 0.001759, 412, 200, ok).
/*Mon Sep 28 15:24:35 2026*/ request(280, 1790619875.731, [peer(ip(10,1,0,22)),method(post),request_uri('/sesion'),path('/sesion'),http_version(1-1),host(localhost),port(8083)]).
completed(280, 0.043693, 36, 401, ok).
/*Mon Sep 28 15:24:44 2026*/ request(281, 1790619884.295, [peer(ip(10,1,0,22)),method(post),request_uri('/sesion'),path('/sesion'),http_version(1-1),host(localhost),port(8083)]).
completed(281, 0.042325, 36, 401, ok).
/*Mon Sep 28 15:24:57 2026*/ request(282, 1790619897.530, [peer(ip(10,1,0,22)),method(post),request_uri('/sesion'),path('/sesion'),http_version(1-1),host(localhost),port(8083)]).
completed(282, 0.049274, 98, 200, ok).
/*Mon Sep 28 15:25:36 2026*/ request(283, 1790619936.503, [peer(ip(10,1,0,22)),method(get),request_uri('/alumnos/122'),path('/alumnos/122'),http_version(1-1),host(localhost),port(8083)]).
completed(283, 0.001353, 250, 200, ok).
/*Mon Sep 28 15:25:39 2026*/ request(284, 1790619939.123, [peer(ip(10,1,0,22)),method(get),request_uri('/materias/logica/promedio'),path('/materias/logica/promedio'),http_version(1-1),host(localhost),port(8083)]).
completed(284, 0.001263, 40, 200, ok).
/*Mon Sep 28 15:25:45 2026*/ request(285, 1790619945.701, [peer(ip(10,1,0,22)),method(get),request_uri('/alumnos/122'),path('/alumnos/122'),http_version(1-1),host(localhost),port(8083)]).
completed(285, 0.003183, 191, 200, ok).
/*Mon Sep 28 15:25:55 2026*/ request(286, 1790619955.907, [peer(ip(10,1,0,22)),method(get),request_uri('/alumnos/122'),path('/alumnos/122'),http_version(1-1),host(localhost),port(8083)]).
completed(286, 0.001279, 258, 200, ok).
/*Mon Sep 28 15:25:59 2026*/ request(287, 1790619959.490, [peer(ip(10,1,0,22)),method(post),request_uri('/mis-inscripciones'),path('/mis-inscripciones'),http_version(1-1),host(localhost),port(8083)]).
completed(287, 0.002198, 17, 200, ok).
/*Mon Sep 28 15:34:41 2026*/ request(288, 1790620481.288, [peer(ip(10,1,0,35)),method(post),request_uri('/sesion'),path('/sesion'),http_version(1-1),host(localhost),port(8083)]).
completed(288, 0.049792, 98, 200, ok).
/*Mon Sep 28 15:35:18 2026*/ request(289, 1790620518.803, [peer(ip(10,1,0,35)),method(get),request_uri('/ranking'),path('/ranking'),http_version(1-1),host(localhost),port(8083)]).
completed(289, 0.001489, 1022, 200, ok).
/*Mon Sep 28 15:35:51 2026*/ request(290, 1790620551.406, [peer(ip(10,1,0,35)),method(get),request_uri('/alumnos/135'),path('/alumnos/135'),http_version(1-1),host(localhost),port(8083)]).
completed(290, 0.000904, 246, 200, ok).
/*Mon Sep 28 15:36:24 2026*/ request(291, 1790620584.040, [peer(ip(10,1,0,35)),method(get),request_uri('/materias/logica/promedio'),path('/materias/logica/promedio'),http_version(1-1),host(localhost),port(8083)]).
completed(291, 0.001576, 46, 200, ok).
/*Mon Sep 28 15:36:48 2026*/ request(292, 1790620608.544, [peer(ip(10,1,0,35)),method(get),request_uri('/materias'),path('/materias'),http_version(1-1),host(localhost),port(8083)]).
completed(292, 0.003289, 412, 200, ok).
/*Mon Sep 28 15:36:58 2026*/ request(293, 1790620618.106, [peer(ip(10,1,0,35)),method(get),request_uri('/materias/fisica/promedio'),path('/materias/fisica/promedio'),http_version(1-1),host(localhost),port(8083)]).
completed(293, 0.002966, 47, 200, ok).
/*Mon Sep 28 15:47:06 2026*/ request(294, 1790621226.975, [peer(ip(10,1,0,19)),method(post),request_uri('/sesion'),path('/sesion'),http_version(1-1),host(localhost),port(8083)]).
completed(294, 0.048821, 36, 401, ok).
/*Mon Sep 28 15:47:10 2026*/ request(295, 1790621230.040, [peer(ip(10,1,0,19)),method(post),request_uri('/sesion'),path('/sesion'),http_version(1-1),host(localhost),port(8083)]).
completed(295, 0.049048, 36, 401, ok).
/*Mon Sep 28 15:47:15 2026*/ request(296, 1790621235.333, [peer(ip(10,1,0,19)),method(post),request_uri('/sesion'),path('/sesion'),http_version(1-1),host(localhost),port(8083)]).
completed(296, 0.044277, 36, 401, ok).
/*Mon Sep 28 15:47:28 2026*/ request(297, 1790621248.922, [peer(ip(10,1,0,19)),method(post),request_uri('/sesion'),path('/sesion'),http_version(1-1),host(localhost),port(8083)]).
completed(297, 0.046952, 36, 401, ok).
/*Mon Sep 28 15:47:32 2026*/ request(298, 1790621252.453, [peer(ip(10,1,0,19)),method(post),request_uri('/sesion'),path('/sesion'),http_version(1-1),host(localhost),port(8083)]).
completed(298, 0.042280, 98, 200, ok).
/*Mon Sep 28 15:48:02 2026*/ request(299, 1790621282.611, [peer(ip(10,1,0,19)),method(get),request_uri('/alumnos/119'),path('/alumnos/119'),http_version(1-1),host(localhost),port(8083)]).
completed(299, 0.002167, 246, 200, ok).
/*Mon Sep 28 15:48:21 2026*/ request(300, 1790621301.609, [peer(ip(10,1,0,19)),method(get),request_uri('/materias'),path('/materias'),http_version(1-1),host(localhost),port(8083)]).
completed(300, 0.002375, 412, 200, ok).
/*Mon Sep 28 15:48:28 2026*/ request(301, 1790621308.808, [peer(ip(10,1,0,19)),method(get),request_uri('/alumnos/119'),path('/alumnos/119'),http_version(1-1),host(localhost),port(8083)]).
completed(301, 0.003239, 257, 200, ok).
/*Mon Sep 28 15:48:40 2026*/ request(302, 1790621320.293, [peer(ip(10,1,0,19)),method(post),request_uri('/mis-inscripciones'),path('/mis-inscripciones'),http_version(1-1),host(localhost),port(8083)]).
completed(302, 0.001478, 17, 200, ok).
/*Mon Sep 28 15:49:07 2026*/ request(303, 1790621347.586, [peer(ip(10,1,0,19)),method(get),request_uri('/materias'),path('/materias'),http_version(1-1),host(localhost),port(8083)]).
completed(303, 0.001729, 412, 200, ok).
/*Mon Sep 28 16:08:17 2026*/ request(304, 1790622497.819, [peer(ip(10,1,0,26)),method(post),request_uri('/sesion'),path('/sesion'),http_version(1-1),host(localhost),port(8083)]).
completed(304, 0.047470, 98, 200, ok).
/*Mon Sep 28 16:08:47 2026*/ request(305, 1790622527.494, [peer(ip(10,1,0,26)),method(get),request_uri('/ranking'),path('/ranking'),http_version(1-1),host(localhost),port(8083)]).
completed(305, 0.001329, 900, 200, ok).
/*Mon Sep 28 16:09:08 2026*/ request(306, 1790622548.055, [peer(ip(10,1,0,26)),method(get),request_uri('/materias'),path('/materias'),http_version(1-1),host(localhost),port(8083)]).
completed(306, 0.002284, 412, 200, ok).
/*Mon Sep 28 16:09:46 2026*/ request(307, 1790622586.640, [peer(ip(10,1,0,26)),method(get),request_uri('/alumnos/126'),path('/alumnos/126'),http_version(1-1),host(localhost),port(8083)]).
completed(307, 0.002179, 242, 200, ok).
/*Mon Sep 28 16:10:03 2026*/ request(308, 1790622603.667, [peer(ip(10,1,0,26)),method(get),request_uri('/materias/logica/promedio'),path('/materias/logica/promedio'),http_version(1-1),host(localhost),port(8083)]).
completed(308, 0.002764, 45, 200, ok).
/*Mon Sep 28 16:10:26 2026*/ request(309, 1790622626.949, [peer(ip(10,1,0,26)),method(get),request_uri('/materias'),path('/materias'),http_version(1-1),host(localhost),port(8083)]).
completed(309, 0.002204, 412, 200, ok).
/*Mon Sep 28 16:14:33 2026*/ request(310, 1790622873.657, [peer(ip(10,1,0,43)),method(post),request_uri('/sesion'),path('/sesion'),http_version(1-1),host(localhost),port(8083)]).
completed(310, 0.047054, 36, 401, ok).
/*Mon Sep 28 16:14:46 2026*/ request(311, 1790622886.564, [peer(ip(10,1,0,43)),method(post),request_uri('/sesion'),path('/sesion'),http_version(1-1),host(localhost),port(8083)]).
completed(311, 0.045405, 98, 200, ok).
/*Mon Sep 28 16:15:02 2026*/ request(312, 1790622902.702, [peer(ip(10,1,0,43)),method(get),request_uri('/materias/logica/promedio'),path('/materias/logica/promedio'),http_version(1-1),host(localhost),port(8083)]).
completed(312, 0.001145, 43, 200, ok).
/*Mon Sep 28 16:15:22 2026*/ request(313, 1790622922.741, [peer(ip(10,1,0,43)),method(get),request_uri('/materias/analisis/promedio'),path('/materias/analisis/promedio'),http_version(1-1),host(localhost),port(8083)]).
completed(313, 0.002137, 55, 200, ok).
/*Mon Sep 28 16:15:51 2026*/ request(314, 1790622951.791, [peer(ip(10,1,0,43)),method(get),request_uri('/alumnos/143'),path('/alumnos/143'),http_version(1-1),host(localhost),port(8083)]).
completed(314, 0.002961, 219, 200, ok).
/*Mon Sep 28 16:34:28 2026*/ request(315, 1790624068.645, [peer(ip(10,1,0,45)),method(post),request_uri('/sesion'),path('/sesion'),http_version(1-1),host(localhost),port(8083)]).
completed(315, 0.045686, 36, 401, ok).
/*Mon Sep 28 16:34:33 2026*/ request(316, 1790624073.367, [peer(ip(10,1,0,45)),method(post),request_uri('/sesion'),path('/sesion'),http_version(1-1),host(localhost),port(8083)]).
completed(316, 0.043823, 36, 401, ok).
/*Mon Sep 28 16:34:46 2026*/ request(317, 1790624086.988, [peer(ip(10,1,0,45)),method(post),request_uri('/sesion'),path('/sesion'),http_version(1-1),host(localhost),port(8083)]).
completed(317, 0.048905, 36, 401, ok).
/*Mon Sep 28 16:34:52 2026*/ request(318, 1790624092.018, [peer(ip(10,1,0,45)),method(post),request_uri('/sesion'),path('/sesion'),http_version(1-1),host(localhost),port(8083)]).
completed(318, 0.047742, 36, 401, ok).
/*Mon Sep 28 16:35:07 2026*/ request(319, 1790624107.118, [peer(ip(10,1,0,45)),method(post),request_uri('/sesion'),path('/sesion'),http_version(1-1),host(localhost),port(8083)]).
completed(319, 0.045488, 98, 200, ok).
/*Mon Sep 28 16:35:44 2026*/ request(320, 1790624144.485, [peer(ip(10,1,0,45)),method(post),request_uri('/mis-inscripciones'),path('/mis-inscripciones'),http_version(1-1),host(localhost),port(8083)]).
completed(320, 0.001393, 41, 409, ok).
/*Mon Sep 28 16:36:08 2026*/ request(321, 1790624168.679, [peer(ip(10,1,0,45)),method(get),request_uri('/materias'),path('/materias'),http_version(1-1),host(localhost),port(8083)]).
completed(321, 0.002907, 412, 200, ok).
/*Mon Sep 28 16:36:16 2026*/ request(322, 1790624176.249, [peer(ip(10,1,0,45)),method(get),request_uri('/ranking'),path('/ranking'),http_version(1-1),host(localhost),port(8083)]).
completed(322, 0.001450, 908, 200, ok).
/*Mon Sep 28 16:36:30 2026*/ request(323, 1790624190.188, [peer(ip(10,1,0,45)),method(get),request_uri('/alumnos/145'),path('/alumnos/145'),http_version(1-1),host(localhost),port(8083)]).
completed(323, 0.002435, 199, 200, ok).
/*Mon Sep 28 16:36:54 2026*/ request(324, 1790624214.065, [peer(ip(10,1,0,45)),method(get),request_uri('/materias'),path('/materias'),http_version(1-1),host(localhost),port(8083)]).
completed(324, 0.001835, 412, 200, ok).
/*Mon Sep 28 16:37:22 2026*/ request(325, 1790624242.206, [peer(ip(10,1,0,45)),method(get),request_uri('/materias'),path('/materias'),http_version(1-1),host(localhost),port(8083)]).
completed(325, 0.002655, 412, 200, ok).
/*Mon Sep 28 16:45:19 2026*/ request(326, 1790624719.468, [peer(ip(10,1,0,55)),method(post),request_uri('/sesion'),path('/sesion'),http_version(1-1),host(localhost),port(8083)]).
completed(326, 0.047340, 36, 401, ok).
/*Mon Sep 28 16:45:27 2026*/ request(327, 1790624727.815, [peer(ip(10,1,0,55)),method(post),request_uri('/sesion'),path('/sesion'),http_version(1-1),host(localhost),port(8083)]).
completed(327, 0.047062, 98, 200, ok).
/*Mon Sep 28 16:46:03 2026*/ request(328, 1790624763.604, [peer(ip(10,1,0,55)),method(post),request_uri('/mis-inscripciones'),path('/mis-inscripciones'),http_version(1-1),host(localhost),port(8083)]).
completed(328, 0.002557, 17, 200, ok).
/*Mon Sep 28 16:46:40 2026*/ request(329, 1790624800.946, [peer(ip(10,1,0,55)),method(get),request_uri('/alumnos/155'),path('/alumnos/155'),http_version(1-1),host(localhost),port(8083)]).
completed(329, 0.001819, 252, 200, ok).
/*Mon Sep 28 16:47:10 2026*/ request(330, 1790624830.696, [peer(ip(10,1,0,55)),method(get),request_uri('/materias'),path('/materias'),http_version(1-1),host(localhost),port(8083)]).
completed(330, 0.001994, 412, 200, ok).
/*Mon Sep 28 16:47:23 2026*/ request(331, 1790624843.465, [peer(ip(10,1,0,55)),method(get),request_uri('/materias'),path('/materias'),http_version(1-1),host(localhost),port(8083)]).
completed(331, 0.002784, 412, 200, ok).
/*Mon Sep 28 16:47:48 2026*/ request(332, 1790624868.628, [peer(ip(10,1,0,55)),method(get),request_uri('/alumnos/155'),path('/alumnos/155'),http_version(1-1),host(localhost),port(8083)]).
completed(332, 0.001421, 259, 200, ok).
/*Mon Sep 28 16:48:18 2026*/ request(333, 1790624898.798, [peer(ip(10,1,0,55)),method(get),request_uri('/alumnos/155'),path('/alumnos/155'),http_version(1-1),host(localhost),port(8083)]).
completed(333, 0.001920, 208, 200, ok).
/*Mon Sep 28 16:48:54 2026*/ request(334, 1790624934.963, [peer(ip(10,1,0,55)),method(get),request_uri('/materias'),path('/materias'),http_version(1-1),host(localhost),port(8083)]).
completed(334, 0.002340, 412, 200, ok).
/*Mon Sep 28 16:49:15 2026*/ request(335, 1790624955.057, [peer(ip(10,1,0,55)),method(get),request_uri('/alumnos/155'),path('/alumnos/155'),http_version(1-1),host(localhost),port(8083)]).
completed(335, 0.002924, 182, 200, ok).
/*Mon Sep 28 16:58:22 2026*/ request(336, 1790625502.456, [peer(ip(10,1,0,49)),method(post),request_uri('/sesion'),path('/sesion'),http_version(1-1),host(localhost),port(8083)]).
completed(336, 0.049074, 98, 200, ok).
/*Mon Sep 28 16:58:31 2026*/ request(337, 1790625511.496, [peer(ip(10,1,0,49)),method(get),request_uri('/materias/algebra/promedio'),path('/materias/algebra/promedio'),http_version(1-1),host(localhost),port(8083)]).
completed(337, 0.002338, 55, 200, ok).
/*Mon Sep 28 16:59:11 2026*/ request(338, 1790625551.137, [peer(ip(10,1,0,49)),method(get),request_uri('/materias'),path('/materias'),http_version(1-1),host(localhost),port(8083)]).
completed(338, 0.002387, 412, 200, ok).
/*Mon Sep 28 16:59:26 2026*/ request(339, 1790625566.098, [peer(ip(10,1,0,49)),method(get),request_uri('/ranking'),path('/ranking'),http_version(1-1),host(localhost),port(8083)]).
completed(339, 0.002598, 1083, 200, ok).
/*Mon Sep 28 16:59:55 2026*/ request(340, 1790625595.436, [peer(ip(10,1,0,49)),method(post),request_uri('/mis-inscripciones'),path('/mis-inscripciones'),http_version(1-1),host(localhost),port(8083)]).
completed(340, 0.002678, 17, 200, ok).
/*Mon Sep 28 17:00:28 2026*/ request(341, 1790625628.142, [peer(ip(10,1,0,49)),method(get),request_uri('/materias'),path('/materias'),http_version(1-1),host(localhost),port(8083)]).
completed(341, 0.001837, 412, 200, ok).
/*Mon Sep 28 17:00:47 2026*/ request(342, 1790625647.538, [peer(ip(10,1,0,49)),method(get),request_uri('/materias/fisica/promedio'),path('/materias/fisica/promedio'),http_version(1-1),host(localhost),port(8083)]).
completed(342, 0.001685, 44, 200, ok).
/*Mon Sep 28 17:01:20 2026*/ request(343, 1790625680.873, [peer(ip(10,1,0,49)),method(post),request_uri('/mis-inscripciones'),path('/mis-inscripciones'),http_version(1-1),host(localhost),port(8083)]).
completed(343, 0.001463, 41, 409, ok).
/*Mon Sep 28 17:01:50 2026*/ request(344, 1790625710.085, [peer(ip(10,1,0,49)),method(get),request_uri('/alumnos/149'),path('/alumnos/149'),http_version(1-1),host(localhost),port(8083)]).
completed(344, 0.002237, 198, 200, ok).
/*Mon Sep 28 17:02:11 2026*/ request(345, 1790625731.197, [peer(ip(10,1,0,49)),method(get),request_uri('/alumnos/149'),path('/alumnos/149'),http_version(1-1),host(localhost),port(8083)]).
completed(345, 0.002093, 216, 200, ok).
/*Mon Sep 28 17:02:31 2026*/ request(346, 1790625751.979, [peer(ip(10,1,0,49)),method(get),request_uri('/materias/sistemas/promedio'),path('/materias/sistemas/promedio'),http_version(1-1),host(localhost),port(8083)]).
completed(346, 0.001909, 55, 200, ok).
/*Mon Sep 28 17:16:39 2026*/ request(347, 1790626599.052, [peer(ip(10,1,0,33)),method(post),request_uri('/sesion'),path('/sesion'),http_version(1-1),host(localhost),port(8083)]).
completed(347, 0.045922, 36, 401, ok).
/*Mon Sep 28 17:16:44 2026*/ request(348, 1790626604.292, [peer(ip(10,1,0,33)),method(post),request_uri('/sesion'),path('/sesion'),http_version(1-1),host(localhost),port(8083)]).
completed(348, 0.049534, 36, 401, ok).
/*Mon Sep 28 17:16:54 2026*/ request(349, 1790626614.881, [peer(ip(10,1,0,33)),method(post),request_uri('/sesion'),path('/sesion'),http_version(1-1),host(localhost),port(8083)]).
completed(349, 0.046193, 36, 401, ok).
/*Mon Sep 28 17:16:59 2026*/ request(350, 1790626619.940, [peer(ip(10,1,0,33)),method(post),request_uri('/sesion'),path('/sesion'),http_version(1-1),host(localhost),port(8083)]).
completed(350, 0.049141, 36, 401, ok).
/*Mon Sep 28 17:17:05 2026*/ request(351, 1790626625.976, [peer(ip(10,1,0,33)),method(post),request_uri('/sesion'),path('/sesion'),http_version(1-1),host(localhost),port(8083)]).
completed(351, 0.049719, 98, 200, ok).
/*Mon Sep 28 17:17:27 2026*/ request(352, 1790626647.079, [peer(ip(10,1,0,33)),method(post),request_uri('/mis-inscripciones'),path('/mis-inscripciones'),http_version(1-1),host(localhost),port(8083)]).
completed(352, 0.001392, 17, 200, ok).
/*Mon Sep 28 17:17:34 2026*/ request(353, 1790626654.805, [peer(ip(10,1,0,33)),method(get),request_uri('/materias/analisis/promedio'),path('/materias/analisis/promedio'),http_version(1-1),host(localhost),port(8083)]).
completed(353, 0.000999, 40, 200, ok).
/*Mon Sep 28 17:17:45 2026*/ request(354, 1790626665.030, [peer(ip(10,1,0,33)),method(get),request_uri('/materias'),path('/materias'),http_version(1-1),host(localhost),port(8083)]).
completed(354, 0.002473, 412, 200, ok).
/*Mon Sep 28 17:18:02 2026*/ request(355, 1790626682.519, [peer(ip(10,1,0,33)),method(get),request_uri('/materias/analisis/promedio'),path('/materias/analisis/promedio'),http_version(1-1),host(localhost),port(8083)]).
completed(355, 0.002783, 50, 200, ok).
/*Mon Sep 28 17:18:42 2026*/ request(356, 1790626722.888, [peer(ip(10,1,0,33)),method(get),request_uri('/materias'),path('/materias'),http_version(1-1),host(localhost),port(8083)]).
completed(356, 0.001418, 412, 200, ok).
/*Mon Sep 28 17:20:50 2026*/ request(357, 1790626850.605, [peer(ip(10,1,0,57)),method(post),request_uri('/sesion'),path('/sesion'),http_version(1-1),host(localhost),port(8083)]).
completed(357, 0.043909, 98, 200, ok).
/*Mon Sep 28 17:21:00 2026*/ request(358, 1790626860.983, [peer(ip(10,1,0,57)),method(get),request_uri('/materias'),path('/materias'),http_version(1-1),host(localhost),port(8083)]).
completed(358, 0.002152, 412, 200, ok).
/*Mon Sep 28 17:21:23 2026*/ request(359, 1790626883.282, [peer(ip(10,1,0,57)),method(get),request_uri('/alumnos/157'),path('/alumnos/157'),http_version(1-1),host(localhost),port(8083)]).
completed(359, 0.000977, 250, 200, ok).
/*Mon Sep 28 17:21:52 2026*/ request(360, 1790626912.989, [peer(ip(10,1,0,57)),method(get),request_uri('/materias'),path('/materias'),http_version(1-1),host(localhost),port(8083)]).
completed(360, 0.001639, 412, 200, ok).
/*Mon Sep 28 17:39:08 2026*/ request(361, 1790627948.539, [peer(ip(10,1,0,28)),method(post),request_uri('/sesion'),path('/sesion'),http_version(1-1),host(localhost),port(8083)]).
completed(361, 0.044764, 98, 200, ok).
/*Mon Sep 28 17:39:20 2026*/ request(362, 1790627960.466, [peer(ip(10,1,0,28)),method(post),request_uri('/mis-inscripciones'),path('/mis-inscripciones'),http_version(1-1),host(localhost),port(8083)]).
completed(362, 0.001681, 17, 200, ok).
/*Mon Sep 28 17:39:33 2026*/ request(363, 1790627973.034, [peer(ip(10,1,0,28)),method(get),request_uri('/alumnos/128'),path('/alumnos/128'),http_version(1-1),host(localhost),port(8083)]).
completed(363, 0.001483, 228, 200, ok).
/*Mon Sep 28 17:39:47 2026*/ request(364, 1790627987.084, [peer(ip(10,1,0,28)),method(get),request_uri('/alumnos/128'),path('/alumnos/128'),http_version(1-1),host(localhost),port(8083)]).
completed(364, 0.003140, 191, 200, ok).
/*Mon Sep 28 17:40:15 2026*/ request(365, 1790628015.967, [peer(ip(10,1,0,28)),method(get),request_uri('/alumnos/128'),path('/alumnos/128'),http_version(1-1),host(localhost),port(8083)]).
completed(365, 0.001141, 256, 200, ok).
/*Mon Sep 28 17:40:18 2026*/ request(366, 1790628018.467, [peer(ip(10,1,0,28)),method(get),request_uri('/materias'),path('/materias'),http_version(1-1),host(localhost),port(8083)]).
completed(366, 0.002058, 412, 200, ok).
/*Mon Sep 28 18:01:05 2026*/ request(367, 1790629265.536, [peer(ip(10,1,0,48)),method(post),request_uri('/sesion'),path('/sesion'),http_version(1-1),host(localhost),port(8083)]).
completed(367, 0.047410, 98, 200, ok).
/*Mon Sep 28 18:01:44 2026*/ request(368, 1790629304.089, [peer(ip(10,1,0,48)),method(get),request_uri('/materias/analisis/promedio'),path('/materias/analisis/promedio'),http_version(1-1),host(localhost),port(8083)]).
completed(368, 0.001237, 52, 200, ok).
/*Mon Sep 28 18:01:53 2026*/ request(369, 1790629313.032, [peer(ip(10,1,0,48)),method(post),request_uri('/mis-inscripciones'),path('/mis-inscripciones'),http_version(1-1),host(localhost),port(8083)]).
completed(369, 0.002367, 41, 409, ok).
/*Mon Sep 28 18:02:03 2026*/ request(370, 1790629323.376, [peer(ip(10,1,0,48)),method(get),request_uri('/materias/logica/promedio'),path('/materias/logica/promedio'),http_version(1-1),host(localhost),port(8083)]).
completed(370, 0.001568, 53, 200, ok).
/*Mon Sep 28 18:02:32 2026*/ request(371, 1790629352.362, [peer(ip(10,1,0,48)),method(get),request_uri('/materias/sistemas/promedio'),path('/materias/sistemas/promedio'),http_version(1-1),host(localhost),port(8083)]).
completed(371, 0.001253, 52, 200, ok).
/*Mon Sep 28 18:15:05 2026*/ request(372, 1790630105.903, [peer(ip(10,1,0,38)),method(post),request_uri('/sesion'),path('/sesion'),http_version(1-1),host(localhost),port(8083)]).
completed(372, 0.046953, 98, 200, ok).
/*Mon Sep 28 18:15:18 2026*/ request(373, 1790630118.229, [peer(ip(10,1,0,38)),method(post),request_uri('/mis-inscripciones'),path('/mis-inscripciones'),http_version(1-1),host(localhost),port(8083)]).
completed(373, 0.001338, 17, 200, ok).
/*Mon Sep 28 18:15:41 2026*/ request(374, 1790630141.250, [peer(ip(10,1,0,38)),method(get),request_uri('/materias'),path('/materias'),http_version(1-1),host(localhost),port(8083)]).
completed(374, 0.002312, 412, 200, ok).
/*Mon Sep 28 18:24:12 2026*/ request(375, 1790630652.982, [peer(ip(10,1,0,35)),method(post),request_uri('/sesion'),path('/sesion'),http_version(1-1),host(localhost),port(8083)]).
completed(375, 0.049931, 36, 401, ok).
/*Mon Sep 28 18:24:18 2026*/ request(376, 1790630658.514, [peer(ip(10,1,0,35)),method(post),request_uri('/sesion'),path('/sesion'),http_version(1-1),host(localhost),port(8083)]).
completed(376, 0.047574, 98, 200, ok).
/*Mon Sep 28 18:24:57 2026*/ request(377, 1790630697.260, [peer(ip(10,1,0,35)),method(get),request_uri('/materias/analisis/promedio'),path('/materias/analisis/promedio'),http_version(1-1),host(localhost),port(8083)]).
completed(377, 0.002841, 52, 200, ok).
/*Mon Sep 28 18:25:27 2026*/ request(378, 1790630727.018, [peer(ip(10,1,0,35)),method(get),request_uri('/materias'),path('/materias'),http_version(1-1),host(localhost),port(8083)]).
completed(378, 0.002789, 412, 200, ok).
/*Mon Sep 28 18:25:57 2026*/ request(379, 1790630757.408, [peer(ip(10,1,0,35)),method(get),request_uri('/ranking'),path('/ranking'),http_version(1-1),host(localhost),port(8083)]).
completed(379, 0.002327, 1091, 200, ok).
/*Mon Sep 28 18:26:06 2026*/ request(380, 1790630766.533, [peer(ip(10,1,0,35)),method(post),request_uri('/mis-inscripciones'),path('/mis-inscripciones'),http_version(1-1),host(localhost),port(8083)]).
completed(380, 0.002317, 41, 409, ok).
/*Mon Sep 28 18:26:31 2026*/ request(381, 1790630791.168, [peer(ip(10,1,0,35)),method(get),request_uri('/alumnos/135'),path('/alumnos/135'),http_version(1-1),host(localhost),port(8083)]).
completed(381, 0.002447, 225, 200, ok).
/*Mon Sep 28 18:30:19 2026*/ request(382, 1790631019.285, [peer(ip(10,1,0,31)),method(post),request_uri('/sesion'),path('/sesion'),http_version(1-1),host(localhost),port(8083)]).
completed(382, 0.048329, 36, 401, ok).
/*Mon Sep 28 18:30:30 2026*/ request(383, 1790631030.144, [peer(ip(10,1,0,31)),method(post),request_uri('/sesion'),path('/sesion'),http_version(1-1),host(localhost),port(8083)]).
completed(383, 0.047177, 98, 200, ok).
/*Mon Sep 28 18:31:10 2026*/ request(384, 1790631070.921, [peer(ip(10,1,0,31)),method(post),request_uri('/mis-inscripciones'),path('/mis-inscripciones'),http_version(1-1),host(localhost),port(8083)]).
completed(384, 0.002414, 41, 409, ok).
/*Mon Sep 28 18:31:27 2026*/ request(385, 1790631087.140, [peer(ip(10,1,0,31)),method(get),request_uri('/ranking'),path('/ranking'),http_version(1-1),host(localhost),port(8083)]).
completed(385, 0.002303, 1092, 200, ok).
/*Mon Sep 28 18:51:27 2026*/ request(386, 1790632287.679, [peer(ip(10,1,0,51)),method(post),request_uri('/sesion'),path('/sesion'),http_version(1-1),host(localhost),port(8083)]).
completed(386, 0.047701, 98, 200, ok).
/*Mon Sep 28 18:51:34 2026*/ request(387, 1790632294.825, [peer(ip(10,1,0,51)),method(get),request_uri('/materias'),path('/materias'),http_version(1-1),host(localhost),port(8083)]).
completed(387, 0.001119, 412, 200, ok).
/*Mon Sep 28 18:51:58 2026*/ request(388, 1790632318.871, [peer(ip(10,1,0,51)),method(get),request_uri('/alumnos/151'),path('/alumnos/151'),http_version(1-1),host(localhost),port(8083)]).
completed(388, 0.002931, 247, 200, ok).
/*Mon Sep 28 18:58:21 2026*/ request(389, 1790632701.568, [peer(ip(10,1,0,44)),method(post),request_uri('/sesion'),path('/sesion'),http_version(1-1),host(localhost),port(8083)]).
completed(389, 0.046210, 98, 200, ok).
/*Mon Sep 28 18:58:37 2026*/ request(390, 1790632717.604, [peer(ip(10,1,0,44)),method(get),request_uri('/materias/fisica/promedio'),path('/materias/fisica/promedio'),http_version(1-1),host(localhost),port(8083)]).
completed(390, 0.003005, 50, 200, ok).
/*Mon Sep 28 18:59:15 2026*/ request(391, 1790632755.946, [peer(ip(10,1,0,44)),method(post),request_uri('/mis-inscripciones'),path('/mis-inscripciones'),http_version(1-1),host(localhost),port(8083)]).
completed(391, 0.003035, 17, 200, ok).
/*Mon Sep 28 18:59:23 2026*/ request(392, 1790632763.908, [peer(ip(10,1,0,44)),method(get),request_uri('/alumnos/144'),path('/alumnos/144'),http_version(1-1),host(localhost),port(8083)]).
completed(392, 0.002405, 241, 200, ok).
/*Mon Sep 28 18:59:31 2026*/ request(393, 1790632771.893, [peer(ip(10,1,0,44)),method(get),request_uri('/materias'),path('/materias'),http_version(1-1),host(localhost),port(8083)]).
completed(393, 0.001413, 412, 200, ok).
/*Mon Sep 28 19:22:21 2026*/ request(394, 1790634141.724, [peer(ip(10,1,0,13)),method(post),request_uri('/sesion'),path('/sesion'),http_version(1-1),host(localhost),port(8083)]).
completed(394, 0.046071, 36, 401, ok).
/*Mon Sep 28 19:22:25 2026*/ request(395, 1790634145.791, [peer(ip(10,1,0,13)),method(post),request_uri('/sesion'),path('/sesion'),http_version(1-1),host(localhost),port(8083)]).
completed(395, 0.043785, 98, 200, ok).
/*Mon Sep 28 19:22:42 2026*/ request(396, 1790634162.390, [peer(ip(10,1,0,13)),method(post),request_uri('/mis-inscripciones'),path('/mis-inscripciones'),http_version(1-1),host(localhost),port(8083)]).
completed(396, 0.000945, 41, 409, ok).
/*Mon Sep 28 19:23:19 2026*/ request(397, 1790634199.923, [peer(ip(10,1,0,13)),method(get),request_uri('/materias'),path('/materias'),http_version(1-1),host(localhost),port(8083)]).
completed(397, 0.001228, 412, 200, ok).
/*Mon Sep 28 19:23:25 2026*/ request(398, 1790634205.376, [peer(ip(10,1,0,13)),method(get),request_uri('/alumnos/113'),path('/alumnos/113'),http_version(1-1),host(localhost),port(8083)]).
completed(398, 0.001526, 190, 200, ok).
/*Mon Sep 28 19:23:33 2026*/ request(399, 1790634213.826, [peer(ip(10,1,0,13)),method(post),request_uri('/mis-inscripciones'),path('/mis-inscripciones'),http_version(1-1),host(localhost),port(8083)]).
completed(399, 0.002287, 17, 200, ok).
/*Mon Sep 28 19:23:48 2026*/ request(400, 1790634228.010, [peer(ip(10,1,0,13)),method(get),request_uri('/materias/analisis/promedio'),path('/materias/analisis/promedio'),http_version(1-1),host(localhost),port(8083)]).
completed(400, 0.002519, 52, 200, ok).
/*Mon Sep 28 19:23:52 2026*/ request(401, 1790634232.085, [peer(ip(10,1,0,13)),method(get),request_uri('/materias'),path('/materias'),http_version(1-1),host(localhost),port(8083)]).
completed(401, 0.001900, 412, 200, ok).
/*Mon Sep 28 19:23:57 2026*/ request(402, 1790634237.635, [peer(ip(10,1,0,13)),method(get),request_uri('/materias/logica/promedio'),path('/materias/logica/promedio'),http_version(1-1),host(localhost),port(8083)]).
completed(402, 0.003174, 43, 200, ok).
/*Mon Sep 28 19:24:24 2026*/ request(403, 1790634264.542, [peer(ip(10,1,0,13)),method(get),request_uri('/materias/analisis/promedio'),path('/materias/analisis/promedio'),http_version(1-1),host(localhost),port(8083)]).
completed(403, 0.000987, 59, 200, ok).
/*Mon Sep 28 19:31:28 2026*/ request(404, 1790634688.102, [peer(ip(10,1,0,39)),method(post),request_uri('/sesion'),path('/sesion'),http_version(1-1),host(localhost),port(8083)]).
completed(404, 0.047891, 98, 200, ok).
/*Mon Sep 28 19:31:58 2026*/ request(405, 1790634718.383, [peer(ip(10,1,0,39)),method(get),request_uri('/materias'),path('/materias'),http_version(1-1),host(localhost),port(8083)]).
completed(405, 0.001573, 412, 200, ok).
/*Mon Sep 28 19:32:33 2026*/ request(406, 1790634753.063, [peer(ip(10,1,0,39)),method(get),request_uri('/materias/analisis/promedio'),path('/materias/analisis/promedio'),http_version(1-1),host(localhost),port(8083)]).
completed(406, 0.003010, 58, 200, ok).
/*Mon Sep 28 19:32:59 2026*/ request(407, 1790634779.451, [peer(ip(10,1,0,39)),method(post),request_uri('/mis-inscripciones'),path('/mis-inscripciones'),http_version(1-1),host(localhost),port(8083)]).
completed(407, 0.002479, 17, 200, ok).
/*Mon Sep 28 19:33:11 2026*/ request(408, 1790634791.134, [peer(ip(10,1,0,39)),method(get),request_uri('/materias/fisica/promedio'),path('/materias/fisica/promedio'),http_version(1-1),host(localhost),port(8083)]).
completed(408, 0.001046, 52, 200, ok).
/*Mon Sep 28 19:33:41 2026*/ request(409, 1790634821.687, [peer(ip(10,1,0,39)),method(get),request_uri('/materias/sistemas/promedio'),path('/materias/sistemas/promedio'),http_version(1-1),host(localhost),port(8083)]).
completed(409, 0.002853, 53, 200, ok).
/*Mon Sep 28 19:33:56 2026*/ request(410, 1790634836.459, [peer(ip(10,1,0,39)),method(get),request_uri('/materias/analisis/promedio'),path('/materias/analisis/promedio'),http_version(1-1),host(localhost),port(8083)]).
completed(410, 0.002575, 46, 200, ok).
/*Mon Sep 28 19:34:17 2026*/ request(411, 1790634857.477, [peer(ip(10,1,0,39)),method(get),request_uri('/ranking'),path('/ranking'),http_version(1-1),host(localhost),port(8083)]).
completed(411, 0.001715, 1042, 200, ok).
/*Mon Sep 28 19:34:24 2026*/ request(412, 1790634864.041, [peer(ip(10,1,0,39)),method(get),request_uri('/alumnos/139'),path('/alumnos/139'),http_version(1-1),host(localhost),port(8083)]).
completed(412, 0.002016, 237, 200, ok).
/*Mon Sep 28 19:34:28 2026*/ request(413, 1790634868.197, [peer(ip(10,1,0,39)),method(get),request_uri('/materias'),path('/materias'),http_version(1-1),host(localhost),port(8083)]).
completed(413, 0.001327, 412, 200, ok).
server(stopped, 1790636700).
